<html>
<body>
<pre>
<h1>µVision Build Log</h1>
<h2>Tool Versions:</h2>
IDE-Version: ¦ÌVision V5.24.2.0
Copyright (C) 2017 ARM Ltd and ARM Germany GmbH. All rights reserved.
License Information: Praymerry Lenovo, eason, LIC=CZLZX-HT466-DYQV3-A9315-VSY4R-8PYX1
 
Tool Versions:
Toolchain:       MDK-ARM Plus  Version: 5.24.1
Toolchain Path:  D:\Keil\ARM Start\ARM\ARMCC\Bin
C Compiler:      Armcc.exe V5.06 update 5 (build 528)
Assembler:       Armasm.exe V5.06 update 5 (build 528)
Linker/Locator:  ArmLink.exe V5.06 update 5 (build 528)
Library Manager: ArmAr.exe V5.06 update 5 (build 528)
Hex Converter:   FromElf.exe V5.06 update 5 (build 528)
CPU DLL:         SARMCM3.DLL V5.24.1
Dialog DLL:      DCM.DLL V1.16.0.0
Target DLL:      STLink\ST-LINKIII-KEIL_SWO.dll V3.0.1.0
Dialog DLL:      TCM.DLL V1.32.0.0
 
<h2>Project:</h2>
C:\Users\Lenovo\Documents\GitHub\MQTT-FreeRTos-F103-Intelligent-housing-system\F1 MQTT\MDK-ARM\F1 MQTT.uvprojx
Project File Date:  06/09/2024

<h2>Output:</h2>
*** Using Compiler 'V5.06 update 5 (build 528)', folder: 'D:\Keil\ARM Start\ARM\ARMCC\Bin'
Rebuild target 'F1 MQTT'
assembling startup_stm32f103xb.s...
compiling stm32f1xx_hal_gpio_ex.c...
compiling stm32f1xx_hal_timebase_tim.c...
compiling stm32f1xx_hal_rcc_ex.c...
compiling main.c...
compiling stm32f1xx_hal_rcc.c...
compiling stm32f1xx_hal.c...
compiling usart.c...
compiling stm32f1xx_it.c...
compiling stm32f1xx_hal_msp.c...
compiling i2c.c...
compiling gpio.c...
compiling freertos.c...
compiling stm32f1xx_hal_flash.c...
compiling stm32f1xx_hal_gpio.c...
compiling stm32f1xx_hal_cortex.c...
compiling stm32f1xx_hal_flash_ex.c...
compiling stm32f1xx_hal_dma.c...
compiling system_stm32f1xx.c...
compiling stm32f1xx_hal_pwr.c...
compiling stm32f1xx_hal_exti.c...
compiling stm32f1xx_hal_uart.c...
compiling event_groups.c...
compiling stm32f1xx_hal_tim_ex.c...
compiling croutine.c...
compiling list.c...
compiling stm32f1xx_hal_i2c.c...
compiling stream_buffer.c...
compiling timers.c...
compiling heap_4.c...
compiling queue.c...
compiling stm32f1xx_hal_tim.c...
compiling tasks.c...
compiling MQTTConnectClient.c...
compiling MQTTConnectServer.c...
compiling MQTTDeserializePublish.c...
compiling port.c...
compiling cmsis_os2.c...
compiling MQTTPacket.c...
compiling MQTTFormat.c...
compiling MQTTSerializePublish.c...
compiling MQTTSubscribeServer.c...
compiling MQTTUnsubscribeClient.c...
compiling MQTTSubscribeClient.c...
compiling MQTTUnsubscribeServer.c...
compiling mqtt_list.c...
compiling nettype_tcp.c...
compiling random.c...
compiling nettype_tls.c...
compiling mqttclient.c...
..\MQTT\mqttclient\mqttclient.c(1113): warning:  #68-D: integer conversion resulted in a change of sign
          
ETURN_ERROR(MQTT_MEM_NOT_ENOUGH_ERROR);
..\MQTT\mqttclient\mqttclient.c(1135): warning:  #68-D: integer conversion resulted in a change of sign
          
ETURN_ERROR(MQTT_MEM_NOT_ENOUGH_ERROR);
..\MQTT\mqttclient\mqttclient.c: 2 warnings, 0 errors
compiling platform_memory.c...
compiling platform_mutex.c...
..\MQTT\platform\FreeRTOS\platform_mutex.c(47): warning:  #1-D: last line of file ends without a newline
  }
..\MQTT\platform\FreeRTOS\platform_mutex.c: 1 warning, 0 errors
compiling platform_timer.c...
compiling network.c...
..\MQTT\network\network.c(78): warning:  #223-D: function "memset" declared implicitly
      memset(n, 0, sizeof(network_t));
..\MQTT\network\network.c: 1 warning, 0 errors
compiling platform_thread.c...
compiling ring_buffer.c...
compiling driver_usart.c...
compiling Uart3_IRQ.c...
compiling platform_net_socket.c...
compiling Hal_Uart.c...
compiling ATcommand.c...
..\AT\ATcommand.c(57): warning:  #223-D: function "Hal_Uart_Send" declared implicitly
      Hal_Uart_Send(cmd, strlen(cmd));
..\AT\ATcommand.c(100): warning:  #223-D: function "HAL_AT_Receive" declared implicitly
          HAL_AT_Receive(&buf[i], (int)portMAX_DELAY);
..\AT\ATcommand.c(117): warning:  #223-D: function "HAL_AT_Receive" declared implicitly
  			HAL_AT_Receive(&buf[i], (int)portMAX_DELAY);
..\AT\ATcommand.c(137): warning:  #223-D: function "Hal_Uart_Send" declared implicitly
      Hal_Uart_Send((char *)buf, len);
..\AT\ATcommand.c(193): warning:  #223-D: function "HAL_AT_Receive" declared implicitly
          HAL_AT_Receive(&Temp_buf[i], (int)portMAX_DELAY);  
..\AT\ATcommand.c(307): warning:  #1-D: last line of file ends without a newline
  }
..\AT\ATcommand.c: 6 warnings, 0 errors
linking...
Program Size: Code=32736 RO-data=1348 RW-data=180 ZI-data=18116  
FromELF: creating hex file...
"F1 MQTT\F1 MQTT.axf" - 0 Error(s), 10 Warning(s).

<h2>Software Packages used:</h2>

Package Vendor: ARM
                http://www.keil.com/pack/ARM.CMSIS.5.0.1.pack
                ARM.CMSIS.5.0.1
                CMSIS (Cortex Microcontroller Software Interface Standard)
   * Component: CORE Version: 5.0.1

Package Vendor: Keil
                http://www.keil.com/pack/Keil.STM32F1xx_DFP.2.2.0.pack
                Keil.STM32F1xx_DFP.2.2.0
                STMicroelectronics STM32F1 Series Device Support, Drivers and Examples

<h2>Collection of Component include folders:</h2>
  .\RTE\_F1_MQTT
  D:\Keil\ARM Start\ARM\PACK\ARM\CMSIS\5.0.1\CMSIS\Include
  D:\Keil\ARM Start\ARM\PACK\Keil\STM32F1xx_DFP\2.2.0\Device\Include

<h2>Collection of Component Files used:</h2>

   * Component: ARM::CMSIS:CORE:5.0.1
Build Time Elapsed:  00:00:10
</pre>
</body>
</html>
