<!doctype html public "-//w3c//dtd html 4.0 transitional//en">
<html><head>
<title>Static Call Graph - [F1 MQTT\F1 MQTT.axf]</title></head>
<body><HR>
<H1>Static Call Graph for image F1 MQTT\F1 MQTT.axf</H1><HR>
<BR><P>#&#060CALLGRAPH&#062# ARM Linker, 5060528: Last Updated: Fri Aug 30 16:30:58 2024
<BR><P>
<H3>Maximum Stack Usage =        688 bytes + Unknown(Cycles, Untraceable Function Pointers)</H3><H3>
Call chain for Maximum Stack Depth:</H3>
mqtt_yield_thread &rArr; mqtt_yield &rArr; mqtt_try_reconnect &rArr; mqtt_try_do_reconnect &rArr; mqtt_connect &rArr; mqtt_connect_with_results &rArr; mqtt_wait_packet &rArr; mqtt_packet_handle &rArr; mqtt_publish_packet_handle &rArr; mqtt_send_packet &rArr; network_write &rArr; nettype_tcp_write &rArr; platform_net_socket_write_timeout &rArr; AT_SendCmd &rArr; platform_mutex_lock_timeout &rArr; xQueueSemaphoreTake &rArr; vTaskPlaceOnEventList &rArr; prvAddCurrentTaskToDelayedList &rArr; vListInsert
<P>
<H3>
Mutually Recursive functions
</H3> <LI><a href="#[1c]">ADC1_2_IRQHandler</a>&nbsp;&nbsp;&nbsp;&rArr;&nbsp;&nbsp;&nbsp;<a href="#[1c]">ADC1_2_IRQHandler</a><BR>
</UL>
<P>
<H3>
Function Pointers
</H3><UL>
 <LI><a href="#[1c]">ADC1_2_IRQHandler</a> from startup_stm32f103xb.o(.text) referenced from startup_stm32f103xb.o(RESET)
 <LI><a href="#[3c]">AT_RecvParse</a> from atcommand.o(i.AT_RecvParse) referenced from freertos.o(i.MX_FREERTOS_Init)
 <LI><a href="#[4]">BusFault_Handler</a> from stm32f1xx_it.o(i.BusFault_Handler) referenced from startup_stm32f103xb.o(RESET)
 <LI><a href="#[1f]">CAN1_RX1_IRQHandler</a> from startup_stm32f103xb.o(.text) referenced from startup_stm32f103xb.o(RESET)
 <LI><a href="#[20]">CAN1_SCE_IRQHandler</a> from startup_stm32f103xb.o(.text) referenced from startup_stm32f103xb.o(RESET)
 <LI><a href="#[15]">DMA1_Channel1_IRQHandler</a> from startup_stm32f103xb.o(.text) referenced from startup_stm32f103xb.o(RESET)
 <LI><a href="#[16]">DMA1_Channel2_IRQHandler</a> from startup_stm32f103xb.o(.text) referenced from startup_stm32f103xb.o(RESET)
 <LI><a href="#[17]">DMA1_Channel3_IRQHandler</a> from startup_stm32f103xb.o(.text) referenced from startup_stm32f103xb.o(RESET)
 <LI><a href="#[18]">DMA1_Channel4_IRQHandler</a> from startup_stm32f103xb.o(.text) referenced from startup_stm32f103xb.o(RESET)
 <LI><a href="#[19]">DMA1_Channel5_IRQHandler</a> from startup_stm32f103xb.o(.text) referenced from startup_stm32f103xb.o(RESET)
 <LI><a href="#[1a]">DMA1_Channel6_IRQHandler</a> from startup_stm32f103xb.o(.text) referenced from startup_stm32f103xb.o(RESET)
 <LI><a href="#[1b]">DMA1_Channel7_IRQHandler</a> from startup_stm32f103xb.o(.text) referenced from startup_stm32f103xb.o(RESET)
 <LI><a href="#[7]">DebugMon_Handler</a> from stm32f1xx_it.o(i.DebugMon_Handler) referenced from startup_stm32f103xb.o(RESET)
 <LI><a href="#[10]">EXTI0_IRQHandler</a> from startup_stm32f103xb.o(.text) referenced from startup_stm32f103xb.o(RESET)
 <LI><a href="#[32]">EXTI15_10_IRQHandler</a> from startup_stm32f103xb.o(.text) referenced from startup_stm32f103xb.o(RESET)
 <LI><a href="#[11]">EXTI1_IRQHandler</a> from startup_stm32f103xb.o(.text) referenced from startup_stm32f103xb.o(RESET)
 <LI><a href="#[12]">EXTI2_IRQHandler</a> from startup_stm32f103xb.o(.text) referenced from startup_stm32f103xb.o(RESET)
 <LI><a href="#[13]">EXTI3_IRQHandler</a> from startup_stm32f103xb.o(.text) referenced from startup_stm32f103xb.o(RESET)
 <LI><a href="#[14]">EXTI4_IRQHandler</a> from startup_stm32f103xb.o(.text) referenced from startup_stm32f103xb.o(RESET)
 <LI><a href="#[21]">EXTI9_5_IRQHandler</a> from startup_stm32f103xb.o(.text) referenced from startup_stm32f103xb.o(RESET)
 <LI><a href="#[e]">FLASH_IRQHandler</a> from startup_stm32f103xb.o(.text) referenced from startup_stm32f103xb.o(RESET)
 <LI><a href="#[2]">HardFault_Handler</a> from stm32f1xx_it.o(i.HardFault_Handler) referenced from startup_stm32f103xb.o(RESET)
 <LI><a href="#[2a]">I2C1_ER_IRQHandler</a> from startup_stm32f103xb.o(.text) referenced from startup_stm32f103xb.o(RESET)
 <LI><a href="#[29]">I2C1_EV_IRQHandler</a> from startup_stm32f103xb.o(.text) referenced from startup_stm32f103xb.o(RESET)
 <LI><a href="#[2c]">I2C2_ER_IRQHandler</a> from startup_stm32f103xb.o(.text) referenced from startup_stm32f103xb.o(RESET)
 <LI><a href="#[2b]">I2C2_EV_IRQHandler</a> from startup_stm32f103xb.o(.text) referenced from startup_stm32f103xb.o(RESET)
 <LI><a href="#[3d]">MQTT_Client_Task</a> from atcommand.o(i.MQTT_Client_Task) referenced from freertos.o(i.MX_FREERTOS_Init)
 <LI><a href="#[3]">MemManage_Handler</a> from stm32f1xx_it.o(i.MemManage_Handler) referenced from startup_stm32f103xb.o(RESET)
 <LI><a href="#[1]">NMI_Handler</a> from stm32f1xx_it.o(i.NMI_Handler) referenced from startup_stm32f103xb.o(RESET)
 <LI><a href="#[b]">PVD_IRQHandler</a> from startup_stm32f103xb.o(.text) referenced from startup_stm32f103xb.o(RESET)
 <LI><a href="#[8]">PendSV_Handler</a> from port.o(.emb_text) referenced from startup_stm32f103xb.o(RESET)
 <LI><a href="#[f]">RCC_IRQHandler</a> from startup_stm32f103xb.o(.text) referenced from startup_stm32f103xb.o(RESET)
 <LI><a href="#[33]">RTC_Alarm_IRQHandler</a> from startup_stm32f103xb.o(.text) referenced from startup_stm32f103xb.o(RESET)
 <LI><a href="#[d]">RTC_IRQHandler</a> from startup_stm32f103xb.o(.text) referenced from startup_stm32f103xb.o(RESET)
 <LI><a href="#[0]">Reset_Handler</a> from startup_stm32f103xb.o(.text) referenced from startup_stm32f103xb.o(RESET)
 <LI><a href="#[2d]">SPI1_IRQHandler</a> from startup_stm32f103xb.o(.text) referenced from startup_stm32f103xb.o(RESET)
 <LI><a href="#[2e]">SPI2_IRQHandler</a> from startup_stm32f103xb.o(.text) referenced from startup_stm32f103xb.o(RESET)
 <LI><a href="#[6]">SVC_Handler</a> from port.o(.emb_text) referenced from startup_stm32f103xb.o(RESET)
 <LI><a href="#[3b]">StartDefaultTask</a> from freertos.o(i.StartDefaultTask) referenced from freertos.o(i.MX_FREERTOS_Init)
 <LI><a href="#[9]">SysTick_Handler</a> from port.o(i.SysTick_Handler) referenced from startup_stm32f103xb.o(RESET)
 <LI><a href="#[36]">SystemInit</a> from system_stm32f1xx.o(i.SystemInit) referenced from startup_stm32f103xb.o(.text)
 <LI><a href="#[c]">TAMPER_IRQHandler</a> from startup_stm32f103xb.o(.text) referenced from startup_stm32f103xb.o(RESET)
 <LI><a href="#[22]">TIM1_BRK_IRQHandler</a> from startup_stm32f103xb.o(.text) referenced from startup_stm32f103xb.o(RESET)
 <LI><a href="#[25]">TIM1_CC_IRQHandler</a> from startup_stm32f103xb.o(.text) referenced from startup_stm32f103xb.o(RESET)
 <LI><a href="#[24]">TIM1_TRG_COM_IRQHandler</a> from startup_stm32f103xb.o(.text) referenced from startup_stm32f103xb.o(RESET)
 <LI><a href="#[23]">TIM1_UP_IRQHandler</a> from startup_stm32f103xb.o(.text) referenced from startup_stm32f103xb.o(RESET)
 <LI><a href="#[26]">TIM2_IRQHandler</a> from startup_stm32f103xb.o(.text) referenced from startup_stm32f103xb.o(RESET)
 <LI><a href="#[27]">TIM3_IRQHandler</a> from startup_stm32f103xb.o(.text) referenced from startup_stm32f103xb.o(RESET)
 <LI><a href="#[28]">TIM4_IRQHandler</a> from stm32f1xx_it.o(i.TIM4_IRQHandler) referenced from startup_stm32f103xb.o(RESET)
 <LI><a href="#[38]">UART_DMAAbortOnError</a> from stm32f1xx_hal_uart.o(i.UART_DMAAbortOnError) referenced from stm32f1xx_hal_uart.o(i.HAL_UART_IRQHandler)
 <LI><a href="#[2f]">USART1_IRQHandler</a> from driver_usart.o(i.USART1_IRQHandler) referenced from startup_stm32f103xb.o(RESET)
 <LI><a href="#[30]">USART2_IRQHandler</a> from startup_stm32f103xb.o(.text) referenced from startup_stm32f103xb.o(RESET)
 <LI><a href="#[31]">USART3_IRQHandler</a> from uart3_irq.o(i.USART3_IRQHandler) referenced from startup_stm32f103xb.o(RESET)
 <LI><a href="#[34]">USBWakeUp_IRQHandler</a> from startup_stm32f103xb.o(.text) referenced from startup_stm32f103xb.o(RESET)
 <LI><a href="#[1d]">USB_HP_CAN1_TX_IRQHandler</a> from startup_stm32f103xb.o(.text) referenced from startup_stm32f103xb.o(RESET)
 <LI><a href="#[1e]">USB_LP_CAN1_RX0_IRQHandler</a> from startup_stm32f103xb.o(.text) referenced from startup_stm32f103xb.o(RESET)
 <LI><a href="#[5]">UsageFault_Handler</a> from stm32f1xx_it.o(i.UsageFault_Handler) referenced from startup_stm32f103xb.o(RESET)
 <LI><a href="#[a]">WWDG_IRQHandler</a> from startup_stm32f103xb.o(.text) referenced from startup_stm32f103xb.o(RESET)
 <LI><a href="#[37]">__main</a> from entry.o(.ARM.Collect$$$$00000000) referenced from startup_stm32f103xb.o(.text)
 <LI><a href="#[3f]">_sputc</a> from printf8.o(i._sputc) referenced from printf8.o(i.__0sprintf$8)
 <LI><a href="#[39]">bufchar</a> from mqttpacket.o(i.bufchar) referenced from mqttpacket.o(i.MQTTPacket_decodeBuf)
 <LI><a href="#[41]">default_msg_handler</a> from mqttclient.o(i.default_msg_handler) referenced from mqttclient.o(i.mqtt_subscribe)
 <LI><a href="#[3e]">fputc</a> from driver_usart.o(i.fputc) referenced from printf8.o(i.__0printf$8)
 <LI><a href="#[35]">main</a> from main.o(i.main) referenced from entry9a.o(.ARM.Collect$$$$0000000B)
 <LI><a href="#[40]">mqtt_yield_thread</a> from mqttclient.o(i.mqtt_yield_thread) referenced from mqttclient.o(i.mqtt_connect_with_results)
 <LI><a href="#[43]">prvIdleTask</a> from tasks.o(i.prvIdleTask) referenced from tasks.o(i.vTaskStartScheduler)
 <LI><a href="#[42]">prvTaskExitError</a> from port.o(i.prvTaskExitError) referenced from port.o(i.pxPortInitialiseStack)
 <LI><a href="#[44]">prvTimerTask</a> from timers.o(i.prvTimerTask) referenced from timers.o(i.xTimerCreateTimerTask)
 <LI><a href="#[3a]">topic1_handler</a> from atcommand.o(i.topic1_handler) referenced from atcommand.o(i.MQTT_Client_Task)
</UL>
<P>
<H3>
Global Symbols
</H3>
<P><STRONG><a name="[37]"></a>__main</STRONG> (Thumb, 0 bytes, Stack size unknown bytes, entry.o(.ARM.Collect$$$$00000000))
<BR>[Address Reference Count : 1]<UL><LI> startup_stm32f103xb.o(.text)
</UL>
<P><STRONG><a name="[17b]"></a>_main_stk</STRONG> (Thumb, 0 bytes, Stack size unknown bytes, entry2.o(.ARM.Collect$$$$00000001))

<P><STRONG><a name="[45]"></a>_main_scatterload</STRONG> (Thumb, 0 bytes, Stack size unknown bytes, entry5.o(.ARM.Collect$$$$00000004))
<BR><BR>[Calls]<UL><LI><a href="#[46]">&gt;&gt;</a>&nbsp;&nbsp;&nbsp;__scatterload
</UL>

<P><STRONG><a name="[4e]"></a>__main_after_scatterload</STRONG> (Thumb, 0 bytes, Stack size unknown bytes, entry5.o(.ARM.Collect$$$$00000004))
<BR><BR>[Called By]<UL><LI><a href="#[46]">&gt;&gt;</a>&nbsp;&nbsp;&nbsp;__scatterload
</UL>

<P><STRONG><a name="[17c]"></a>_main_clock</STRONG> (Thumb, 0 bytes, Stack size unknown bytes, entry7b.o(.ARM.Collect$$$$00000008))

<P><STRONG><a name="[17d]"></a>_main_cpp_init</STRONG> (Thumb, 0 bytes, Stack size unknown bytes, entry8b.o(.ARM.Collect$$$$0000000A))

<P><STRONG><a name="[17e]"></a>_main_init</STRONG> (Thumb, 0 bytes, Stack size unknown bytes, entry9a.o(.ARM.Collect$$$$0000000B))

<P><STRONG><a name="[17f]"></a>__rt_final_cpp</STRONG> (Thumb, 0 bytes, Stack size unknown bytes, entry10a.o(.ARM.Collect$$$$0000000D))

<P><STRONG><a name="[180]"></a>__rt_final_exit</STRONG> (Thumb, 0 bytes, Stack size unknown bytes, entry11a.o(.ARM.Collect$$$$0000000F))

<P><STRONG><a name="[6]"></a>SVC_Handler</STRONG> (Thumb, 32 bytes, Stack size 0 bytes, port.o(.emb_text))
<BR>[Address Reference Count : 1]<UL><LI> startup_stm32f103xb.o(RESET)
</UL>
<P><STRONG><a name="[172]"></a>__asm___6_port_c_39a90d8d__prvStartFirstTask</STRONG> (Thumb, 28 bytes, Stack size 0 bytes, port.o(.emb_text))
<BR><BR>[Called By]<UL><LI><a href="#[170]">&gt;&gt;</a>&nbsp;&nbsp;&nbsp;xPortStartScheduler
</UL>

<P><STRONG><a name="[8]"></a>PendSV_Handler</STRONG> (Thumb, 72 bytes, Stack size 0 bytes, port.o(.emb_text))
<BR><BR>[Calls]<UL><LI><a href="#[47]">&gt;&gt;</a>&nbsp;&nbsp;&nbsp;vTaskSwitchContext
</UL>
<BR>[Address Reference Count : 1]<UL><LI> startup_stm32f103xb.o(RESET)
</UL>
<P><STRONG><a name="[168]"></a>vPortGetIPSR</STRONG> (Thumb, 6 bytes, Stack size 0 bytes, port.o(.emb_text))
<BR><BR>[Called By]<UL><LI><a href="#[167]">&gt;&gt;</a>&nbsp;&nbsp;&nbsp;vPortValidateInterruptPriority
</UL>

<P><STRONG><a name="[0]"></a>Reset_Handler</STRONG> (Thumb, 8 bytes, Stack size 0 bytes, startup_stm32f103xb.o(.text))
<BR>[Address Reference Count : 1]<UL><LI> startup_stm32f103xb.o(RESET)
</UL>
<P><STRONG><a name="[1c]"></a>ADC1_2_IRQHandler</STRONG> (Thumb, 0 bytes, Stack size 0 bytes, startup_stm32f103xb.o(.text))
<BR><BR>[Calls]<UL><LI><a href="#[1c]">&gt;&gt;</a>&nbsp;&nbsp;&nbsp;ADC1_2_IRQHandler
</UL>
<BR>[Called By]<UL><LI><a href="#[1c]">&gt;&gt;</a>&nbsp;&nbsp;&nbsp;ADC1_2_IRQHandler
</UL>
<BR>[Address Reference Count : 1]<UL><LI> startup_stm32f103xb.o(RESET)
</UL>
<P><STRONG><a name="[1f]"></a>CAN1_RX1_IRQHandler</STRONG> (Thumb, 0 bytes, Stack size 0 bytes, startup_stm32f103xb.o(.text))
<BR>[Address Reference Count : 1]<UL><LI> startup_stm32f103xb.o(RESET)
</UL>
<P><STRONG><a name="[20]"></a>CAN1_SCE_IRQHandler</STRONG> (Thumb, 0 bytes, Stack size 0 bytes, startup_stm32f103xb.o(.text))
<BR>[Address Reference Count : 1]<UL><LI> startup_stm32f103xb.o(RESET)
</UL>
<P><STRONG><a name="[15]"></a>DMA1_Channel1_IRQHandler</STRONG> (Thumb, 0 bytes, Stack size 0 bytes, startup_stm32f103xb.o(.text))
<BR>[Address Reference Count : 1]<UL><LI> startup_stm32f103xb.o(RESET)
</UL>
<P><STRONG><a name="[16]"></a>DMA1_Channel2_IRQHandler</STRONG> (Thumb, 0 bytes, Stack size 0 bytes, startup_stm32f103xb.o(.text))
<BR>[Address Reference Count : 1]<UL><LI> startup_stm32f103xb.o(RESET)
</UL>
<P><STRONG><a name="[17]"></a>DMA1_Channel3_IRQHandler</STRONG> (Thumb, 0 bytes, Stack size 0 bytes, startup_stm32f103xb.o(.text))
<BR>[Address Reference Count : 1]<UL><LI> startup_stm32f103xb.o(RESET)
</UL>
<P><STRONG><a name="[18]"></a>DMA1_Channel4_IRQHandler</STRONG> (Thumb, 0 bytes, Stack size 0 bytes, startup_stm32f103xb.o(.text))
<BR>[Address Reference Count : 1]<UL><LI> startup_stm32f103xb.o(RESET)
</UL>
<P><STRONG><a name="[19]"></a>DMA1_Channel5_IRQHandler</STRONG> (Thumb, 0 bytes, Stack size 0 bytes, startup_stm32f103xb.o(.text))
<BR>[Address Reference Count : 1]<UL><LI> startup_stm32f103xb.o(RESET)
</UL>
<P><STRONG><a name="[1a]"></a>DMA1_Channel6_IRQHandler</STRONG> (Thumb, 0 bytes, Stack size 0 bytes, startup_stm32f103xb.o(.text))
<BR>[Address Reference Count : 1]<UL><LI> startup_stm32f103xb.o(RESET)
</UL>
<P><STRONG><a name="[1b]"></a>DMA1_Channel7_IRQHandler</STRONG> (Thumb, 0 bytes, Stack size 0 bytes, startup_stm32f103xb.o(.text))
<BR>[Address Reference Count : 1]<UL><LI> startup_stm32f103xb.o(RESET)
</UL>
<P><STRONG><a name="[10]"></a>EXTI0_IRQHandler</STRONG> (Thumb, 0 bytes, Stack size 0 bytes, startup_stm32f103xb.o(.text))
<BR>[Address Reference Count : 1]<UL><LI> startup_stm32f103xb.o(RESET)
</UL>
<P><STRONG><a name="[32]"></a>EXTI15_10_IRQHandler</STRONG> (Thumb, 0 bytes, Stack size 0 bytes, startup_stm32f103xb.o(.text))
<BR>[Address Reference Count : 1]<UL><LI> startup_stm32f103xb.o(RESET)
</UL>
<P><STRONG><a name="[11]"></a>EXTI1_IRQHandler</STRONG> (Thumb, 0 bytes, Stack size 0 bytes, startup_stm32f103xb.o(.text))
<BR>[Address Reference Count : 1]<UL><LI> startup_stm32f103xb.o(RESET)
</UL>
<P><STRONG><a name="[12]"></a>EXTI2_IRQHandler</STRONG> (Thumb, 0 bytes, Stack size 0 bytes, startup_stm32f103xb.o(.text))
<BR>[Address Reference Count : 1]<UL><LI> startup_stm32f103xb.o(RESET)
</UL>
<P><STRONG><a name="[13]"></a>EXTI3_IRQHandler</STRONG> (Thumb, 0 bytes, Stack size 0 bytes, startup_stm32f103xb.o(.text))
<BR>[Address Reference Count : 1]<UL><LI> startup_stm32f103xb.o(RESET)
</UL>
<P><STRONG><a name="[14]"></a>EXTI4_IRQHandler</STRONG> (Thumb, 0 bytes, Stack size 0 bytes, startup_stm32f103xb.o(.text))
<BR>[Address Reference Count : 1]<UL><LI> startup_stm32f103xb.o(RESET)
</UL>
<P><STRONG><a name="[21]"></a>EXTI9_5_IRQHandler</STRONG> (Thumb, 0 bytes, Stack size 0 bytes, startup_stm32f103xb.o(.text))
<BR>[Address Reference Count : 1]<UL><LI> startup_stm32f103xb.o(RESET)
</UL>
<P><STRONG><a name="[e]"></a>FLASH_IRQHandler</STRONG> (Thumb, 0 bytes, Stack size 0 bytes, startup_stm32f103xb.o(.text))
<BR>[Address Reference Count : 1]<UL><LI> startup_stm32f103xb.o(RESET)
</UL>
<P><STRONG><a name="[2a]"></a>I2C1_ER_IRQHandler</STRONG> (Thumb, 0 bytes, Stack size 0 bytes, startup_stm32f103xb.o(.text))
<BR>[Address Reference Count : 1]<UL><LI> startup_stm32f103xb.o(RESET)
</UL>
<P><STRONG><a name="[29]"></a>I2C1_EV_IRQHandler</STRONG> (Thumb, 0 bytes, Stack size 0 bytes, startup_stm32f103xb.o(.text))
<BR>[Address Reference Count : 1]<UL><LI> startup_stm32f103xb.o(RESET)
</UL>
<P><STRONG><a name="[2c]"></a>I2C2_ER_IRQHandler</STRONG> (Thumb, 0 bytes, Stack size 0 bytes, startup_stm32f103xb.o(.text))
<BR>[Address Reference Count : 1]<UL><LI> startup_stm32f103xb.o(RESET)
</UL>
<P><STRONG><a name="[2b]"></a>I2C2_EV_IRQHandler</STRONG> (Thumb, 0 bytes, Stack size 0 bytes, startup_stm32f103xb.o(.text))
<BR>[Address Reference Count : 1]<UL><LI> startup_stm32f103xb.o(RESET)
</UL>
<P><STRONG><a name="[b]"></a>PVD_IRQHandler</STRONG> (Thumb, 0 bytes, Stack size 0 bytes, startup_stm32f103xb.o(.text))
<BR>[Address Reference Count : 1]<UL><LI> startup_stm32f103xb.o(RESET)
</UL>
<P><STRONG><a name="[f]"></a>RCC_IRQHandler</STRONG> (Thumb, 0 bytes, Stack size 0 bytes, startup_stm32f103xb.o(.text))
<BR>[Address Reference Count : 1]<UL><LI> startup_stm32f103xb.o(RESET)
</UL>
<P><STRONG><a name="[33]"></a>RTC_Alarm_IRQHandler</STRONG> (Thumb, 0 bytes, Stack size 0 bytes, startup_stm32f103xb.o(.text))
<BR>[Address Reference Count : 1]<UL><LI> startup_stm32f103xb.o(RESET)
</UL>
<P><STRONG><a name="[d]"></a>RTC_IRQHandler</STRONG> (Thumb, 0 bytes, Stack size 0 bytes, startup_stm32f103xb.o(.text))
<BR>[Address Reference Count : 1]<UL><LI> startup_stm32f103xb.o(RESET)
</UL>
<P><STRONG><a name="[2d]"></a>SPI1_IRQHandler</STRONG> (Thumb, 0 bytes, Stack size 0 bytes, startup_stm32f103xb.o(.text))
<BR>[Address Reference Count : 1]<UL><LI> startup_stm32f103xb.o(RESET)
</UL>
<P><STRONG><a name="[2e]"></a>SPI2_IRQHandler</STRONG> (Thumb, 0 bytes, Stack size 0 bytes, startup_stm32f103xb.o(.text))
<BR>[Address Reference Count : 1]<UL><LI> startup_stm32f103xb.o(RESET)
</UL>
<P><STRONG><a name="[c]"></a>TAMPER_IRQHandler</STRONG> (Thumb, 0 bytes, Stack size 0 bytes, startup_stm32f103xb.o(.text))
<BR>[Address Reference Count : 1]<UL><LI> startup_stm32f103xb.o(RESET)
</UL>
<P><STRONG><a name="[22]"></a>TIM1_BRK_IRQHandler</STRONG> (Thumb, 0 bytes, Stack size 0 bytes, startup_stm32f103xb.o(.text))
<BR>[Address Reference Count : 1]<UL><LI> startup_stm32f103xb.o(RESET)
</UL>
<P><STRONG><a name="[25]"></a>TIM1_CC_IRQHandler</STRONG> (Thumb, 0 bytes, Stack size 0 bytes, startup_stm32f103xb.o(.text))
<BR>[Address Reference Count : 1]<UL><LI> startup_stm32f103xb.o(RESET)
</UL>
<P><STRONG><a name="[24]"></a>TIM1_TRG_COM_IRQHandler</STRONG> (Thumb, 0 bytes, Stack size 0 bytes, startup_stm32f103xb.o(.text))
<BR>[Address Reference Count : 1]<UL><LI> startup_stm32f103xb.o(RESET)
</UL>
<P><STRONG><a name="[23]"></a>TIM1_UP_IRQHandler</STRONG> (Thumb, 0 bytes, Stack size 0 bytes, startup_stm32f103xb.o(.text))
<BR>[Address Reference Count : 1]<UL><LI> startup_stm32f103xb.o(RESET)
</UL>
<P><STRONG><a name="[26]"></a>TIM2_IRQHandler</STRONG> (Thumb, 0 bytes, Stack size 0 bytes, startup_stm32f103xb.o(.text))
<BR>[Address Reference Count : 1]<UL><LI> startup_stm32f103xb.o(RESET)
</UL>
<P><STRONG><a name="[27]"></a>TIM3_IRQHandler</STRONG> (Thumb, 0 bytes, Stack size 0 bytes, startup_stm32f103xb.o(.text))
<BR>[Address Reference Count : 1]<UL><LI> startup_stm32f103xb.o(RESET)
</UL>
<P><STRONG><a name="[30]"></a>USART2_IRQHandler</STRONG> (Thumb, 0 bytes, Stack size 0 bytes, startup_stm32f103xb.o(.text))
<BR>[Address Reference Count : 1]<UL><LI> startup_stm32f103xb.o(RESET)
</UL>
<P><STRONG><a name="[34]"></a>USBWakeUp_IRQHandler</STRONG> (Thumb, 0 bytes, Stack size 0 bytes, startup_stm32f103xb.o(.text))
<BR>[Address Reference Count : 1]<UL><LI> startup_stm32f103xb.o(RESET)
</UL>
<P><STRONG><a name="[1d]"></a>USB_HP_CAN1_TX_IRQHandler</STRONG> (Thumb, 0 bytes, Stack size 0 bytes, startup_stm32f103xb.o(.text))
<BR>[Address Reference Count : 1]<UL><LI> startup_stm32f103xb.o(RESET)
</UL>
<P><STRONG><a name="[1e]"></a>USB_LP_CAN1_RX0_IRQHandler</STRONG> (Thumb, 0 bytes, Stack size 0 bytes, startup_stm32f103xb.o(.text))
<BR>[Address Reference Count : 1]<UL><LI> startup_stm32f103xb.o(RESET)
</UL>
<P><STRONG><a name="[a]"></a>WWDG_IRQHandler</STRONG> (Thumb, 0 bytes, Stack size 0 bytes, startup_stm32f103xb.o(.text))
<BR>[Address Reference Count : 1]<UL><LI> startup_stm32f103xb.o(RESET)
</UL>
<P><STRONG><a name="[4c]"></a>__aeabi_llsr</STRONG> (Thumb, 32 bytes, Stack size 0 bytes, llushr.o(.text), UNUSED)
<BR><BR>[Called By]<UL><LI><a href="#[4b]">&gt;&gt;</a>&nbsp;&nbsp;&nbsp;__aeabi_uldivmod
</UL>

<P><STRONG><a name="[181]"></a>_ll_ushift_r</STRONG> (Thumb, 0 bytes, Stack size 0 bytes, llushr.o(.text), UNUSED)

<P><STRONG><a name="[d9]"></a>rand</STRONG> (Thumb, 20 bytes, Stack size 0 bytes, rand.o(.text))
<BR><BR>[Called By]<UL><LI><a href="#[d7]">&gt;&gt;</a>&nbsp;&nbsp;&nbsp;do_random
</UL>

<P><STRONG><a name="[d8]"></a>srand</STRONG> (Thumb, 6 bytes, Stack size 0 bytes, rand.o(.text))
<BR><BR>[Called By]<UL><LI><a href="#[d7]">&gt;&gt;</a>&nbsp;&nbsp;&nbsp;do_random
</UL>

<P><STRONG><a name="[62]"></a>__aeabi_memcpy</STRONG> (Thumb, 36 bytes, Stack size 0 bytes, memcpya.o(.text))
<BR><BR>[Called By]<UL><LI><a href="#[14c]">&gt;&gt;</a>&nbsp;&nbsp;&nbsp;prvCopyDataToQueue
<LI><a href="#[14b]">&gt;&gt;</a>&nbsp;&nbsp;&nbsp;prvCopyDataFromQueue
<LI><a href="#[ac]">&gt;&gt;</a>&nbsp;&nbsp;&nbsp;MQTTSerialize_publish
<LI><a href="#[a8]">&gt;&gt;</a>&nbsp;&nbsp;&nbsp;writeMQTTString
<LI><a href="#[a7]">&gt;&gt;</a>&nbsp;&nbsp;&nbsp;writeCString
<LI><a href="#[60]">&gt;&gt;</a>&nbsp;&nbsp;&nbsp;AT_SendCmd
<LI><a href="#[101]">&gt;&gt;</a>&nbsp;&nbsp;&nbsp;mqtt_new_message_data
<LI><a href="#[e5]">&gt;&gt;</a>&nbsp;&nbsp;&nbsp;mqtt_ack_handler_resend
<LI><a href="#[dd]">&gt;&gt;</a>&nbsp;&nbsp;&nbsp;mqtt_ack_handler_create
</UL>

<P><STRONG><a name="[5b]"></a>__aeabi_memcpy4</STRONG> (Thumb, 0 bytes, Stack size 0 bytes, memcpya.o(.text))
<BR><BR>[Called By]<UL><LI><a href="#[3c]">&gt;&gt;</a>&nbsp;&nbsp;&nbsp;AT_RecvParse
<LI><a href="#[f5]">&gt;&gt;</a>&nbsp;&nbsp;&nbsp;mqtt_connect_with_results
</UL>

<P><STRONG><a name="[182]"></a>__aeabi_memcpy8</STRONG> (Thumb, 0 bytes, Stack size 0 bytes, memcpya.o(.text), UNUSED)

<P><STRONG><a name="[49]"></a>__aeabi_memset</STRONG> (Thumb, 14 bytes, Stack size 0 bytes, memseta.o(.text))
<BR><BR>[Called By]<UL><LI><a href="#[150]">&gt;&gt;</a>&nbsp;&nbsp;&nbsp;prvInitialiseNewTask
<LI><a href="#[4a]">&gt;&gt;</a>&nbsp;&nbsp;&nbsp;memset
<LI><a href="#[48]">&gt;&gt;</a>&nbsp;&nbsp;&nbsp;__aeabi_memclr
</UL>

<P><STRONG><a name="[183]"></a>__aeabi_memset4</STRONG> (Thumb, 0 bytes, Stack size 0 bytes, memseta.o(.text), UNUSED)

<P><STRONG><a name="[184]"></a>__aeabi_memset8</STRONG> (Thumb, 0 bytes, Stack size 0 bytes, memseta.o(.text), UNUSED)

<P><STRONG><a name="[48]"></a>__aeabi_memclr</STRONG> (Thumb, 4 bytes, Stack size 0 bytes, memseta.o(.text))
<BR><BR>[Calls]<UL><LI><a href="#[49]">&gt;&gt;</a>&nbsp;&nbsp;&nbsp;__aeabi_memset
</UL>
<BR>[Called By]<UL><LI><a href="#[de]">&gt;&gt;</a>&nbsp;&nbsp;&nbsp;platform_memory_alloc
<LI><a href="#[ff]">&gt;&gt;</a>&nbsp;&nbsp;&nbsp;mqtt_deliver_message
</UL>

<P><STRONG><a name="[cb]"></a>__aeabi_memclr4</STRONG> (Thumb, 0 bytes, Stack size 0 bytes, memseta.o(.text))
<BR><BR>[Called By]<UL><LI><a href="#[ca]">&gt;&gt;</a>&nbsp;&nbsp;&nbsp;SystemClock_Config
<LI><a href="#[b0]">&gt;&gt;</a>&nbsp;&nbsp;&nbsp;mqtt_lease
</UL>

<P><STRONG><a name="[185]"></a>__aeabi_memclr8</STRONG> (Thumb, 0 bytes, Stack size 0 bytes, memseta.o(.text), UNUSED)

<P><STRONG><a name="[4a]"></a>memset</STRONG> (Thumb, 18 bytes, Stack size 8 bytes, memseta.o(.text), UNUSED)
<BR><BR>[Calls]<UL><LI><a href="#[49]">&gt;&gt;</a>&nbsp;&nbsp;&nbsp;__aeabi_memset
</UL>

<P><STRONG><a name="[5a]"></a>strstr</STRONG> (Thumb, 36 bytes, Stack size 12 bytes, strstr.o(.text))
<BR><BR>[Stack]<UL><LI>Max Depth = 12<LI>Call Chain = strstr
</UL>
<BR>[Called By]<UL><LI><a href="#[3c]">&gt;&gt;</a>&nbsp;&nbsp;&nbsp;AT_RecvParse
<LI><a href="#[5e]">&gt;&gt;</a>&nbsp;&nbsp;&nbsp;GetSpecialATString
</UL>

<P><STRONG><a name="[61]"></a>strlen</STRONG> (Thumb, 14 bytes, Stack size 0 bytes, strlen.o(.text))
<BR><BR>[Called By]<UL><LI><a href="#[3d]">&gt;&gt;</a>&nbsp;&nbsp;&nbsp;MQTT_Client_Task
<LI><a href="#[9e]">&gt;&gt;</a>&nbsp;&nbsp;&nbsp;MQTTPacket_equals
<LI><a href="#[a7]">&gt;&gt;</a>&nbsp;&nbsp;&nbsp;writeCString
<LI><a href="#[a9]">&gt;&gt;</a>&nbsp;&nbsp;&nbsp;MQTTstrlen
<LI><a href="#[60]">&gt;&gt;</a>&nbsp;&nbsp;&nbsp;AT_SendCmd
<LI><a href="#[bc]">&gt;&gt;</a>&nbsp;&nbsp;&nbsp;mqtt_publish
<LI><a href="#[108]">&gt;&gt;</a>&nbsp;&nbsp;&nbsp;mqtt_is_topic_equals
<LI><a href="#[ff]">&gt;&gt;</a>&nbsp;&nbsp;&nbsp;mqtt_deliver_message
</UL>

<P><STRONG><a name="[9f]"></a>strncmp</STRONG> (Thumb, 30 bytes, Stack size 12 bytes, strncmp.o(.text))
<BR><BR>[Stack]<UL><LI>Max Depth = 12<LI>Call Chain = strncmp
</UL>
<BR>[Called By]<UL><LI><a href="#[9e]">&gt;&gt;</a>&nbsp;&nbsp;&nbsp;MQTTPacket_equals
<LI><a href="#[108]">&gt;&gt;</a>&nbsp;&nbsp;&nbsp;mqtt_is_topic_equals
</UL>

<P><STRONG><a name="[4b]"></a>__aeabi_uldivmod</STRONG> (Thumb, 98 bytes, Stack size 40 bytes, uldiv.o(.text), UNUSED)
<BR><BR>[Calls]<UL><LI><a href="#[4c]">&gt;&gt;</a>&nbsp;&nbsp;&nbsp;__aeabi_llsr
<LI><a href="#[4d]">&gt;&gt;</a>&nbsp;&nbsp;&nbsp;__aeabi_llsl
</UL>
<BR>[Called By]<UL><LI><a href="#[d1]">&gt;&gt;</a>&nbsp;&nbsp;&nbsp;_printf_core
</UL>

<P><STRONG><a name="[46]"></a>__scatterload</STRONG> (Thumb, 28 bytes, Stack size 0 bytes, init.o(.text))
<BR><BR>[Calls]<UL><LI><a href="#[4e]">&gt;&gt;</a>&nbsp;&nbsp;&nbsp;__main_after_scatterload
</UL>
<BR>[Called By]<UL><LI><a href="#[45]">&gt;&gt;</a>&nbsp;&nbsp;&nbsp;_main_scatterload
</UL>

<P><STRONG><a name="[186]"></a>__scatterload_rt2</STRONG> (Thumb, 0 bytes, Stack size 0 bytes, init.o(.text), UNUSED)

<P><STRONG><a name="[4d]"></a>__aeabi_llsl</STRONG> (Thumb, 30 bytes, Stack size 0 bytes, llshl.o(.text), UNUSED)
<BR><BR>[Called By]<UL><LI><a href="#[4b]">&gt;&gt;</a>&nbsp;&nbsp;&nbsp;__aeabi_uldivmod
</UL>

<P><STRONG><a name="[187]"></a>_ll_shift_l</STRONG> (Thumb, 0 bytes, Stack size 0 bytes, llshl.o(.text), UNUSED)

<P><STRONG><a name="[4f]"></a>ATInit</STRONG> (Thumb, 36 bytes, Stack size 8 bytes, atcommand.o(i.ATInit))
<BR><BR>[Stack]<UL><LI>Max Depth = 120<LI>Call Chain = ATInit &rArr; platform_mutex_init &rArr; xQueueGenericSend &rArr; vTaskPlaceOnEventList &rArr; prvAddCurrentTaskToDelayedList &rArr; vListInsert
</UL>
<BR>[Calls]<UL><LI><a href="#[52]">&gt;&gt;</a>&nbsp;&nbsp;&nbsp;ring_buffer_init
<LI><a href="#[51]">&gt;&gt;</a>&nbsp;&nbsp;&nbsp;platform_mutex_lock
<LI><a href="#[50]">&gt;&gt;</a>&nbsp;&nbsp;&nbsp;platform_mutex_init
</UL>
<BR>[Called By]<UL><LI><a href="#[35]">&gt;&gt;</a>&nbsp;&nbsp;&nbsp;main
</UL>

<P><STRONG><a name="[53]"></a>ATReadData</STRONG> (Thumb, 48 bytes, Stack size 16 bytes, atcommand.o(i.ATReadData))
<BR><BR>[Stack]<UL><LI>Max Depth = 120<LI>Call Chain = ATReadData &rArr; platform_mutex_lock_timeout &rArr; xQueueSemaphoreTake &rArr; vTaskPlaceOnEventList &rArr; prvAddCurrentTaskToDelayedList &rArr; vListInsert
</UL>
<BR>[Calls]<UL><LI><a href="#[54]">&gt;&gt;</a>&nbsp;&nbsp;&nbsp;ring_buffer_read
<LI><a href="#[55]">&gt;&gt;</a>&nbsp;&nbsp;&nbsp;platform_mutex_lock_timeout
</UL>
<BR>[Called By]<UL><LI><a href="#[129]">&gt;&gt;</a>&nbsp;&nbsp;&nbsp;platform_net_socket_recv_timeout
</UL>

<P><STRONG><a name="[56]"></a>ATSendData</STRONG> (Thumb, 48 bytes, Stack size 24 bytes, atcommand.o(i.ATSendData))
<BR><BR>[Stack]<UL><LI>Max Depth = 128<LI>Call Chain = ATSendData &rArr; platform_mutex_lock_timeout &rArr; xQueueSemaphoreTake &rArr; vTaskPlaceOnEventList &rArr; prvAddCurrentTaskToDelayedList &rArr; vListInsert
</UL>
<BR>[Calls]<UL><LI><a href="#[57]">&gt;&gt;</a>&nbsp;&nbsp;&nbsp;Hal_Uart_Send
<LI><a href="#[58]">&gt;&gt;</a>&nbsp;&nbsp;&nbsp;GetATstatus
<LI><a href="#[55]">&gt;&gt;</a>&nbsp;&nbsp;&nbsp;platform_mutex_lock_timeout
</UL>
<BR>[Called By]<UL><LI><a href="#[12b]">&gt;&gt;</a>&nbsp;&nbsp;&nbsp;platform_net_socket_write_timeout
</UL>

<P><STRONG><a name="[3c]"></a>AT_RecvParse</STRONG> (Thumb, 152 bytes, Stack size 104 bytes, atcommand.o(i.AT_RecvParse))
<BR><BR>[Stack]<UL><LI>Max Depth = 256<LI>Call Chain = AT_RecvParse &rArr; ProcessSpecialATString &rArr; HAL_AT_Receive &rArr; USART3_Read &rArr; platform_mutex_lock_timeout &rArr; xQueueSemaphoreTake &rArr; vTaskPlaceOnEventList &rArr; prvAddCurrentTaskToDelayedList &rArr; vListInsert
</UL>
<BR>[Calls]<UL><LI><a href="#[5a]">&gt;&gt;</a>&nbsp;&nbsp;&nbsp;strstr
<LI><a href="#[5b]">&gt;&gt;</a>&nbsp;&nbsp;&nbsp;__aeabi_memcpy4
<LI><a href="#[59]">&gt;&gt;</a>&nbsp;&nbsp;&nbsp;HAL_AT_Receive
<LI><a href="#[5c]">&gt;&gt;</a>&nbsp;&nbsp;&nbsp;SetATstatus
<LI><a href="#[5e]">&gt;&gt;</a>&nbsp;&nbsp;&nbsp;GetSpecialATString
<LI><a href="#[5f]">&gt;&gt;</a>&nbsp;&nbsp;&nbsp;ProcessSpecialATString
<LI><a href="#[5d]">&gt;&gt;</a>&nbsp;&nbsp;&nbsp;platform_mutex_unlock
</UL>
<BR>[Address Reference Count : 1]<UL><LI> freertos.o(i.MX_FREERTOS_Init)
</UL>
<P><STRONG><a name="[60]"></a>AT_SendCmd</STRONG> (Thumb, 94 bytes, Stack size 32 bytes, atcommand.o(i.AT_SendCmd))
<BR><BR>[Stack]<UL><LI>Max Depth = 136<LI>Call Chain = AT_SendCmd &rArr; platform_mutex_lock_timeout &rArr; xQueueSemaphoreTake &rArr; vTaskPlaceOnEventList &rArr; prvAddCurrentTaskToDelayedList &rArr; vListInsert
</UL>
<BR>[Calls]<UL><LI><a href="#[61]">&gt;&gt;</a>&nbsp;&nbsp;&nbsp;strlen
<LI><a href="#[62]">&gt;&gt;</a>&nbsp;&nbsp;&nbsp;__aeabi_memcpy
<LI><a href="#[57]">&gt;&gt;</a>&nbsp;&nbsp;&nbsp;Hal_Uart_Send
<LI><a href="#[58]">&gt;&gt;</a>&nbsp;&nbsp;&nbsp;GetATstatus
<LI><a href="#[55]">&gt;&gt;</a>&nbsp;&nbsp;&nbsp;platform_mutex_lock_timeout
</UL>
<BR>[Called By]<UL><LI><a href="#[12b]">&gt;&gt;</a>&nbsp;&nbsp;&nbsp;platform_net_socket_write_timeout
<LI><a href="#[125]">&gt;&gt;</a>&nbsp;&nbsp;&nbsp;platform_net_socket_connect
<LI><a href="#[127]">&gt;&gt;</a>&nbsp;&nbsp;&nbsp;platform_net_socket_close
</UL>

<P><STRONG><a name="[4]"></a>BusFault_Handler</STRONG> (Thumb, 4 bytes, Stack size 0 bytes, stm32f1xx_it.o(i.BusFault_Handler))
<BR>[Address Reference Count : 1]<UL><LI> startup_stm32f103xb.o(RESET)
</UL>
<P><STRONG><a name="[7]"></a>DebugMon_Handler</STRONG> (Thumb, 2 bytes, Stack size 0 bytes, stm32f1xx_it.o(i.DebugMon_Handler))
<BR>[Address Reference Count : 1]<UL><LI> startup_stm32f103xb.o(RESET)
</UL>
<P><STRONG><a name="[63]"></a>EnableDebugIRQ</STRONG> (Thumb, 36 bytes, Stack size 8 bytes, driver_usart.o(i.EnableDebugIRQ))
<BR><BR>[Stack]<UL><LI>Max Depth = 56<LI>Call Chain = EnableDebugIRQ &rArr; HAL_NVIC_SetPriority &rArr; __NVIC_SetPriority
</UL>
<BR>[Calls]<UL><LI><a href="#[64]">&gt;&gt;</a>&nbsp;&nbsp;&nbsp;HAL_NVIC_SetPriority
<LI><a href="#[65]">&gt;&gt;</a>&nbsp;&nbsp;&nbsp;HAL_NVIC_EnableIRQ
</UL>
<BR>[Called By]<UL><LI><a href="#[35]">&gt;&gt;</a>&nbsp;&nbsp;&nbsp;main
</UL>

<P><STRONG><a name="[66]"></a>EnableUART3IRQ</STRONG> (Thumb, 52 bytes, Stack size 8 bytes, driver_usart.o(i.EnableUART3IRQ))
<BR><BR>[Stack]<UL><LI>Max Depth = 56<LI>Call Chain = EnableUART3IRQ &rArr; HAL_NVIC_SetPriority &rArr; __NVIC_SetPriority
</UL>
<BR>[Calls]<UL><LI><a href="#[64]">&gt;&gt;</a>&nbsp;&nbsp;&nbsp;HAL_NVIC_SetPriority
<LI><a href="#[65]">&gt;&gt;</a>&nbsp;&nbsp;&nbsp;HAL_NVIC_EnableIRQ
</UL>
<BR>[Called By]<UL><LI><a href="#[35]">&gt;&gt;</a>&nbsp;&nbsp;&nbsp;main
</UL>

<P><STRONG><a name="[c3]"></a>Error_Handler</STRONG> (Thumb, 6 bytes, Stack size 0 bytes, main.o(i.Error_Handler))
<BR><BR>[Called By]<UL><LI><a href="#[c6]">&gt;&gt;</a>&nbsp;&nbsp;&nbsp;MX_USART3_UART_Init
<LI><a href="#[c5]">&gt;&gt;</a>&nbsp;&nbsp;&nbsp;MX_USART2_UART_Init
<LI><a href="#[c4]">&gt;&gt;</a>&nbsp;&nbsp;&nbsp;MX_USART1_UART_Init
<LI><a href="#[c2]">&gt;&gt;</a>&nbsp;&nbsp;&nbsp;MX_I2C1_Init
<LI><a href="#[ca]">&gt;&gt;</a>&nbsp;&nbsp;&nbsp;SystemClock_Config
</UL>

<P><STRONG><a name="[58]"></a>GetATstatus</STRONG> (Thumb, 6 bytes, Stack size 0 bytes, atcommand.o(i.GetATstatus))
<BR><BR>[Called By]<UL><LI><a href="#[60]">&gt;&gt;</a>&nbsp;&nbsp;&nbsp;AT_SendCmd
<LI><a href="#[56]">&gt;&gt;</a>&nbsp;&nbsp;&nbsp;ATSendData
</UL>

<P><STRONG><a name="[5e]"></a>GetSpecialATString</STRONG> (Thumb, 22 bytes, Stack size 8 bytes, atcommand.o(i.GetSpecialATString))
<BR><BR>[Stack]<UL><LI>Max Depth = 20<LI>Call Chain = GetSpecialATString &rArr; strstr
</UL>
<BR>[Calls]<UL><LI><a href="#[5a]">&gt;&gt;</a>&nbsp;&nbsp;&nbsp;strstr
</UL>
<BR>[Called By]<UL><LI><a href="#[3c]">&gt;&gt;</a>&nbsp;&nbsp;&nbsp;AT_RecvParse
</UL>

<P><STRONG><a name="[59]"></a>HAL_AT_Receive</STRONG> (Thumb, 16 bytes, Stack size 16 bytes, hal_uart.o(i.HAL_AT_Receive))
<BR><BR>[Stack]<UL><LI>Max Depth = 136<LI>Call Chain = HAL_AT_Receive &rArr; USART3_Read &rArr; platform_mutex_lock_timeout &rArr; xQueueSemaphoreTake &rArr; vTaskPlaceOnEventList &rArr; prvAddCurrentTaskToDelayedList &rArr; vListInsert
</UL>
<BR>[Calls]<UL><LI><a href="#[67]">&gt;&gt;</a>&nbsp;&nbsp;&nbsp;USART3_Read
</UL>
<BR>[Called By]<UL><LI><a href="#[3c]">&gt;&gt;</a>&nbsp;&nbsp;&nbsp;AT_RecvParse
<LI><a href="#[5f]">&gt;&gt;</a>&nbsp;&nbsp;&nbsp;ProcessSpecialATString
</UL>

<P><STRONG><a name="[8c]"></a>HAL_DMA_Abort</STRONG> (Thumb, 86 bytes, Stack size 0 bytes, stm32f1xx_hal_dma.o(i.HAL_DMA_Abort))
<BR><BR>[Called By]<UL><LI><a href="#[87]">&gt;&gt;</a>&nbsp;&nbsp;&nbsp;HAL_UART_IRQHandler
</UL>

<P><STRONG><a name="[8a]"></a>HAL_DMA_Abort_IT</STRONG> (Thumb, 172 bytes, Stack size 16 bytes, stm32f1xx_hal_dma.o(i.HAL_DMA_Abort_IT))
<BR><BR>[Stack]<UL><LI>Max Depth = 16<LI>Call Chain = HAL_DMA_Abort_IT
</UL>
<BR>[Called By]<UL><LI><a href="#[87]">&gt;&gt;</a>&nbsp;&nbsp;&nbsp;HAL_UART_IRQHandler
</UL>

<P><STRONG><a name="[6b]"></a>HAL_GPIO_Init</STRONG> (Thumb, 766 bytes, Stack size 36 bytes, stm32f1xx_hal_gpio.o(i.HAL_GPIO_Init))
<BR><BR>[Stack]<UL><LI>Max Depth = 36<LI>Call Chain = HAL_GPIO_Init
</UL>
<BR>[Called By]<UL><LI><a href="#[91]">&gt;&gt;</a>&nbsp;&nbsp;&nbsp;HAL_UART_MspInit
<LI><a href="#[69]">&gt;&gt;</a>&nbsp;&nbsp;&nbsp;HAL_I2C_MspInit
<LI><a href="#[c1]">&gt;&gt;</a>&nbsp;&nbsp;&nbsp;MX_GPIO_Init
</UL>

<P><STRONG><a name="[76]"></a>HAL_GetTick</STRONG> (Thumb, 6 bytes, Stack size 0 bytes, stm32f1xx_hal.o(i.HAL_GetTick))
<BR><BR>[Called By]<UL><LI><a href="#[7a]">&gt;&gt;</a>&nbsp;&nbsp;&nbsp;HAL_RCC_OscConfig
<LI><a href="#[75]">&gt;&gt;</a>&nbsp;&nbsp;&nbsp;HAL_RCC_ClockConfig
</UL>

<P><STRONG><a name="[68]"></a>HAL_I2C_Init</STRONG> (Thumb, 446 bytes, Stack size 16 bytes, stm32f1xx_hal_i2c.o(i.HAL_I2C_Init))
<BR><BR>[Stack]<UL><LI>Max Depth = 84<LI>Call Chain = HAL_I2C_Init &rArr; HAL_I2C_MspInit &rArr; HAL_GPIO_Init
</UL>
<BR>[Calls]<UL><LI><a href="#[6a]">&gt;&gt;</a>&nbsp;&nbsp;&nbsp;HAL_RCC_GetPCLK1Freq
<LI><a href="#[69]">&gt;&gt;</a>&nbsp;&nbsp;&nbsp;HAL_I2C_MspInit
</UL>
<BR>[Called By]<UL><LI><a href="#[c2]">&gt;&gt;</a>&nbsp;&nbsp;&nbsp;MX_I2C1_Init
</UL>

<P><STRONG><a name="[69]"></a>HAL_I2C_MspInit</STRONG> (Thumb, 104 bytes, Stack size 32 bytes, i2c.o(i.HAL_I2C_MspInit))
<BR><BR>[Stack]<UL><LI>Max Depth = 68<LI>Call Chain = HAL_I2C_MspInit &rArr; HAL_GPIO_Init
</UL>
<BR>[Calls]<UL><LI><a href="#[6b]">&gt;&gt;</a>&nbsp;&nbsp;&nbsp;HAL_GPIO_Init
</UL>
<BR>[Called By]<UL><LI><a href="#[68]">&gt;&gt;</a>&nbsp;&nbsp;&nbsp;HAL_I2C_Init
</UL>

<P><STRONG><a name="[86]"></a>HAL_IncTick</STRONG> (Thumb, 16 bytes, Stack size 0 bytes, stm32f1xx_hal.o(i.HAL_IncTick))
<BR><BR>[Called By]<UL><LI><a href="#[82]">&gt;&gt;</a>&nbsp;&nbsp;&nbsp;HAL_TIM_PeriodElapsedCallback
</UL>

<P><STRONG><a name="[6c]"></a>HAL_Init</STRONG> (Thumb, 34 bytes, Stack size 8 bytes, stm32f1xx_hal.o(i.HAL_Init))
<BR><BR>[Stack]<UL><LI>Max Depth = 112<LI>Call Chain = HAL_Init &rArr; HAL_InitTick &rArr; HAL_NVIC_SetPriority &rArr; __NVIC_SetPriority
</UL>
<BR>[Calls]<UL><LI><a href="#[6e]">&gt;&gt;</a>&nbsp;&nbsp;&nbsp;HAL_InitTick
<LI><a href="#[6f]">&gt;&gt;</a>&nbsp;&nbsp;&nbsp;HAL_MspInit
<LI><a href="#[6d]">&gt;&gt;</a>&nbsp;&nbsp;&nbsp;HAL_NVIC_SetPriorityGrouping
</UL>
<BR>[Called By]<UL><LI><a href="#[35]">&gt;&gt;</a>&nbsp;&nbsp;&nbsp;main
</UL>

<P><STRONG><a name="[6e]"></a>HAL_InitTick</STRONG> (Thumb, 158 bytes, Stack size 56 bytes, stm32f1xx_hal_timebase_tim.o(i.HAL_InitTick))
<BR><BR>[Stack]<UL><LI>Max Depth = 104<LI>Call Chain = HAL_InitTick &rArr; HAL_NVIC_SetPriority &rArr; __NVIC_SetPriority
</UL>
<BR>[Calls]<UL><LI><a href="#[72]">&gt;&gt;</a>&nbsp;&nbsp;&nbsp;HAL_TIM_Base_Start_IT
<LI><a href="#[71]">&gt;&gt;</a>&nbsp;&nbsp;&nbsp;HAL_TIM_Base_Init
<LI><a href="#[6a]">&gt;&gt;</a>&nbsp;&nbsp;&nbsp;HAL_RCC_GetPCLK1Freq
<LI><a href="#[70]">&gt;&gt;</a>&nbsp;&nbsp;&nbsp;HAL_RCC_GetClockConfig
<LI><a href="#[64]">&gt;&gt;</a>&nbsp;&nbsp;&nbsp;HAL_NVIC_SetPriority
<LI><a href="#[65]">&gt;&gt;</a>&nbsp;&nbsp;&nbsp;HAL_NVIC_EnableIRQ
</UL>
<BR>[Called By]<UL><LI><a href="#[75]">&gt;&gt;</a>&nbsp;&nbsp;&nbsp;HAL_RCC_ClockConfig
<LI><a href="#[6c]">&gt;&gt;</a>&nbsp;&nbsp;&nbsp;HAL_Init
</UL>

<P><STRONG><a name="[6f]"></a>HAL_MspInit</STRONG> (Thumb, 86 bytes, Stack size 8 bytes, stm32f1xx_hal_msp.o(i.HAL_MspInit))
<BR><BR>[Stack]<UL><LI>Max Depth = 56<LI>Call Chain = HAL_MspInit &rArr; HAL_NVIC_SetPriority &rArr; __NVIC_SetPriority
</UL>
<BR>[Calls]<UL><LI><a href="#[64]">&gt;&gt;</a>&nbsp;&nbsp;&nbsp;HAL_NVIC_SetPriority
</UL>
<BR>[Called By]<UL><LI><a href="#[6c]">&gt;&gt;</a>&nbsp;&nbsp;&nbsp;HAL_Init
</UL>

<P><STRONG><a name="[65]"></a>HAL_NVIC_EnableIRQ</STRONG> (Thumb, 32 bytes, Stack size 0 bytes, stm32f1xx_hal_cortex.o(i.HAL_NVIC_EnableIRQ))
<BR><BR>[Called By]<UL><LI><a href="#[6e]">&gt;&gt;</a>&nbsp;&nbsp;&nbsp;HAL_InitTick
<LI><a href="#[91]">&gt;&gt;</a>&nbsp;&nbsp;&nbsp;HAL_UART_MspInit
<LI><a href="#[66]">&gt;&gt;</a>&nbsp;&nbsp;&nbsp;EnableUART3IRQ
<LI><a href="#[63]">&gt;&gt;</a>&nbsp;&nbsp;&nbsp;EnableDebugIRQ
</UL>

<P><STRONG><a name="[64]"></a>HAL_NVIC_SetPriority</STRONG> (Thumb, 124 bytes, Stack size 40 bytes, stm32f1xx_hal_cortex.o(i.HAL_NVIC_SetPriority))
<BR><BR>[Stack]<UL><LI>Max Depth = 48<LI>Call Chain = HAL_NVIC_SetPriority &rArr; __NVIC_SetPriority
</UL>
<BR>[Calls]<UL><LI><a href="#[74]">&gt;&gt;</a>&nbsp;&nbsp;&nbsp;__NVIC_SetPriority
<LI><a href="#[73]">&gt;&gt;</a>&nbsp;&nbsp;&nbsp;__NVIC_GetPriorityGrouping
</UL>
<BR>[Called By]<UL><LI><a href="#[6e]">&gt;&gt;</a>&nbsp;&nbsp;&nbsp;HAL_InitTick
<LI><a href="#[6f]">&gt;&gt;</a>&nbsp;&nbsp;&nbsp;HAL_MspInit
<LI><a href="#[91]">&gt;&gt;</a>&nbsp;&nbsp;&nbsp;HAL_UART_MspInit
<LI><a href="#[66]">&gt;&gt;</a>&nbsp;&nbsp;&nbsp;EnableUART3IRQ
<LI><a href="#[63]">&gt;&gt;</a>&nbsp;&nbsp;&nbsp;EnableDebugIRQ
</UL>

<P><STRONG><a name="[6d]"></a>HAL_NVIC_SetPriorityGrouping</STRONG> (Thumb, 32 bytes, Stack size 0 bytes, stm32f1xx_hal_cortex.o(i.HAL_NVIC_SetPriorityGrouping))
<BR><BR>[Called By]<UL><LI><a href="#[6c]">&gt;&gt;</a>&nbsp;&nbsp;&nbsp;HAL_Init
</UL>

<P><STRONG><a name="[75]"></a>HAL_RCC_ClockConfig</STRONG> (Thumb, 376 bytes, Stack size 16 bytes, stm32f1xx_hal_rcc.o(i.HAL_RCC_ClockConfig))
<BR><BR>[Stack]<UL><LI>Max Depth = 120<LI>Call Chain = HAL_RCC_ClockConfig &rArr; HAL_InitTick &rArr; HAL_NVIC_SetPriority &rArr; __NVIC_SetPriority
</UL>
<BR>[Calls]<UL><LI><a href="#[6e]">&gt;&gt;</a>&nbsp;&nbsp;&nbsp;HAL_InitTick
<LI><a href="#[77]">&gt;&gt;</a>&nbsp;&nbsp;&nbsp;HAL_RCC_GetSysClockFreq
<LI><a href="#[76]">&gt;&gt;</a>&nbsp;&nbsp;&nbsp;HAL_GetTick
</UL>
<BR>[Called By]<UL><LI><a href="#[ca]">&gt;&gt;</a>&nbsp;&nbsp;&nbsp;SystemClock_Config
</UL>

<P><STRONG><a name="[70]"></a>HAL_RCC_GetClockConfig</STRONG> (Thumb, 58 bytes, Stack size 0 bytes, stm32f1xx_hal_rcc.o(i.HAL_RCC_GetClockConfig))
<BR><BR>[Called By]<UL><LI><a href="#[6e]">&gt;&gt;</a>&nbsp;&nbsp;&nbsp;HAL_InitTick
</UL>

<P><STRONG><a name="[78]"></a>HAL_RCC_GetHCLKFreq</STRONG> (Thumb, 6 bytes, Stack size 0 bytes, stm32f1xx_hal_rcc.o(i.HAL_RCC_GetHCLKFreq))
<BR><BR>[Called By]<UL><LI><a href="#[6a]">&gt;&gt;</a>&nbsp;&nbsp;&nbsp;HAL_RCC_GetPCLK1Freq
<LI><a href="#[79]">&gt;&gt;</a>&nbsp;&nbsp;&nbsp;HAL_RCC_GetPCLK2Freq
</UL>

<P><STRONG><a name="[6a]"></a>HAL_RCC_GetPCLK1Freq</STRONG> (Thumb, 22 bytes, Stack size 4 bytes, stm32f1xx_hal_rcc.o(i.HAL_RCC_GetPCLK1Freq))
<BR><BR>[Stack]<UL><LI>Max Depth = 4<LI>Call Chain = HAL_RCC_GetPCLK1Freq
</UL>
<BR>[Calls]<UL><LI><a href="#[78]">&gt;&gt;</a>&nbsp;&nbsp;&nbsp;HAL_RCC_GetHCLKFreq
</UL>
<BR>[Called By]<UL><LI><a href="#[6e]">&gt;&gt;</a>&nbsp;&nbsp;&nbsp;HAL_InitTick
<LI><a href="#[68]">&gt;&gt;</a>&nbsp;&nbsp;&nbsp;HAL_I2C_Init
<LI><a href="#[92]">&gt;&gt;</a>&nbsp;&nbsp;&nbsp;UART_SetConfig
</UL>

<P><STRONG><a name="[79]"></a>HAL_RCC_GetPCLK2Freq</STRONG> (Thumb, 22 bytes, Stack size 4 bytes, stm32f1xx_hal_rcc.o(i.HAL_RCC_GetPCLK2Freq))
<BR><BR>[Stack]<UL><LI>Max Depth = 4<LI>Call Chain = HAL_RCC_GetPCLK2Freq
</UL>
<BR>[Calls]<UL><LI><a href="#[78]">&gt;&gt;</a>&nbsp;&nbsp;&nbsp;HAL_RCC_GetHCLKFreq
</UL>
<BR>[Called By]<UL><LI><a href="#[92]">&gt;&gt;</a>&nbsp;&nbsp;&nbsp;UART_SetConfig
</UL>

<P><STRONG><a name="[77]"></a>HAL_RCC_GetSysClockFreq</STRONG> (Thumb, 92 bytes, Stack size 16 bytes, stm32f1xx_hal_rcc.o(i.HAL_RCC_GetSysClockFreq))
<BR><BR>[Stack]<UL><LI>Max Depth = 16<LI>Call Chain = HAL_RCC_GetSysClockFreq
</UL>
<BR>[Called By]<UL><LI><a href="#[75]">&gt;&gt;</a>&nbsp;&nbsp;&nbsp;HAL_RCC_ClockConfig
</UL>

<P><STRONG><a name="[7a]"></a>HAL_RCC_OscConfig</STRONG> (Thumb, 1114 bytes, Stack size 24 bytes, stm32f1xx_hal_rcc.o(i.HAL_RCC_OscConfig))
<BR><BR>[Stack]<UL><LI>Max Depth = 32<LI>Call Chain = HAL_RCC_OscConfig &rArr; RCC_Delay
</UL>
<BR>[Calls]<UL><LI><a href="#[7b]">&gt;&gt;</a>&nbsp;&nbsp;&nbsp;RCC_Delay
<LI><a href="#[76]">&gt;&gt;</a>&nbsp;&nbsp;&nbsp;HAL_GetTick
</UL>
<BR>[Called By]<UL><LI><a href="#[ca]">&gt;&gt;</a>&nbsp;&nbsp;&nbsp;SystemClock_Config
</UL>

<P><STRONG><a name="[83]"></a>HAL_TIMEx_BreakCallback</STRONG> (Thumb, 2 bytes, Stack size 0 bytes, stm32f1xx_hal_tim_ex.o(i.HAL_TIMEx_BreakCallback))
<BR><BR>[Called By]<UL><LI><a href="#[7e]">&gt;&gt;</a>&nbsp;&nbsp;&nbsp;HAL_TIM_IRQHandler
</UL>

<P><STRONG><a name="[85]"></a>HAL_TIMEx_CommutCallback</STRONG> (Thumb, 2 bytes, Stack size 0 bytes, stm32f1xx_hal_tim_ex.o(i.HAL_TIMEx_CommutCallback))
<BR><BR>[Called By]<UL><LI><a href="#[7e]">&gt;&gt;</a>&nbsp;&nbsp;&nbsp;HAL_TIM_IRQHandler
</UL>

<P><STRONG><a name="[71]"></a>HAL_TIM_Base_Init</STRONG> (Thumb, 102 bytes, Stack size 8 bytes, stm32f1xx_hal_tim.o(i.HAL_TIM_Base_Init))
<BR><BR>[Stack]<UL><LI>Max Depth = 16<LI>Call Chain = HAL_TIM_Base_Init &rArr; TIM_Base_SetConfig
</UL>
<BR>[Calls]<UL><LI><a href="#[7c]">&gt;&gt;</a>&nbsp;&nbsp;&nbsp;HAL_TIM_Base_MspInit
<LI><a href="#[7d]">&gt;&gt;</a>&nbsp;&nbsp;&nbsp;TIM_Base_SetConfig
</UL>
<BR>[Called By]<UL><LI><a href="#[6e]">&gt;&gt;</a>&nbsp;&nbsp;&nbsp;HAL_InitTick
</UL>

<P><STRONG><a name="[7c]"></a>HAL_TIM_Base_MspInit</STRONG> (Thumb, 2 bytes, Stack size 0 bytes, stm32f1xx_hal_tim.o(i.HAL_TIM_Base_MspInit))
<BR><BR>[Called By]<UL><LI><a href="#[71]">&gt;&gt;</a>&nbsp;&nbsp;&nbsp;HAL_TIM_Base_Init
</UL>

<P><STRONG><a name="[72]"></a>HAL_TIM_Base_Start_IT</STRONG> (Thumb, 106 bytes, Stack size 0 bytes, stm32f1xx_hal_tim.o(i.HAL_TIM_Base_Start_IT))
<BR><BR>[Called By]<UL><LI><a href="#[6e]">&gt;&gt;</a>&nbsp;&nbsp;&nbsp;HAL_InitTick
</UL>

<P><STRONG><a name="[7f]"></a>HAL_TIM_IC_CaptureCallback</STRONG> (Thumb, 2 bytes, Stack size 0 bytes, stm32f1xx_hal_tim.o(i.HAL_TIM_IC_CaptureCallback))
<BR><BR>[Called By]<UL><LI><a href="#[7e]">&gt;&gt;</a>&nbsp;&nbsp;&nbsp;HAL_TIM_IRQHandler
</UL>

<P><STRONG><a name="[7e]"></a>HAL_TIM_IRQHandler</STRONG> (Thumb, 406 bytes, Stack size 8 bytes, stm32f1xx_hal_tim.o(i.HAL_TIM_IRQHandler))
<BR><BR>[Stack]<UL><LI>Max Depth = 16<LI>Call Chain = HAL_TIM_IRQHandler &rArr; HAL_TIM_PeriodElapsedCallback
</UL>
<BR>[Calls]<UL><LI><a href="#[82]">&gt;&gt;</a>&nbsp;&nbsp;&nbsp;HAL_TIM_PeriodElapsedCallback
<LI><a href="#[84]">&gt;&gt;</a>&nbsp;&nbsp;&nbsp;HAL_TIM_TriggerCallback
<LI><a href="#[81]">&gt;&gt;</a>&nbsp;&nbsp;&nbsp;HAL_TIM_PWM_PulseFinishedCallback
<LI><a href="#[80]">&gt;&gt;</a>&nbsp;&nbsp;&nbsp;HAL_TIM_OC_DelayElapsedCallback
<LI><a href="#[7f]">&gt;&gt;</a>&nbsp;&nbsp;&nbsp;HAL_TIM_IC_CaptureCallback
<LI><a href="#[85]">&gt;&gt;</a>&nbsp;&nbsp;&nbsp;HAL_TIMEx_CommutCallback
<LI><a href="#[83]">&gt;&gt;</a>&nbsp;&nbsp;&nbsp;HAL_TIMEx_BreakCallback
</UL>
<BR>[Called By]<UL><LI><a href="#[28]">&gt;&gt;</a>&nbsp;&nbsp;&nbsp;TIM4_IRQHandler
</UL>

<P><STRONG><a name="[80]"></a>HAL_TIM_OC_DelayElapsedCallback</STRONG> (Thumb, 2 bytes, Stack size 0 bytes, stm32f1xx_hal_tim.o(i.HAL_TIM_OC_DelayElapsedCallback))
<BR><BR>[Called By]<UL><LI><a href="#[7e]">&gt;&gt;</a>&nbsp;&nbsp;&nbsp;HAL_TIM_IRQHandler
</UL>

<P><STRONG><a name="[81]"></a>HAL_TIM_PWM_PulseFinishedCallback</STRONG> (Thumb, 2 bytes, Stack size 0 bytes, stm32f1xx_hal_tim.o(i.HAL_TIM_PWM_PulseFinishedCallback))
<BR><BR>[Called By]<UL><LI><a href="#[7e]">&gt;&gt;</a>&nbsp;&nbsp;&nbsp;HAL_TIM_IRQHandler
</UL>

<P><STRONG><a name="[82]"></a>HAL_TIM_PeriodElapsedCallback</STRONG> (Thumb, 18 bytes, Stack size 8 bytes, main.o(i.HAL_TIM_PeriodElapsedCallback))
<BR><BR>[Stack]<UL><LI>Max Depth = 8<LI>Call Chain = HAL_TIM_PeriodElapsedCallback
</UL>
<BR>[Calls]<UL><LI><a href="#[86]">&gt;&gt;</a>&nbsp;&nbsp;&nbsp;HAL_IncTick
</UL>
<BR>[Called By]<UL><LI><a href="#[7e]">&gt;&gt;</a>&nbsp;&nbsp;&nbsp;HAL_TIM_IRQHandler
</UL>

<P><STRONG><a name="[84]"></a>HAL_TIM_TriggerCallback</STRONG> (Thumb, 2 bytes, Stack size 0 bytes, stm32f1xx_hal_tim.o(i.HAL_TIM_TriggerCallback))
<BR><BR>[Called By]<UL><LI><a href="#[7e]">&gt;&gt;</a>&nbsp;&nbsp;&nbsp;HAL_TIM_IRQHandler
</UL>

<P><STRONG><a name="[8d]"></a>HAL_UARTEx_RxEventCallback</STRONG> (Thumb, 2 bytes, Stack size 0 bytes, stm32f1xx_hal_uart.o(i.HAL_UARTEx_RxEventCallback))
<BR><BR>[Called By]<UL><LI><a href="#[87]">&gt;&gt;</a>&nbsp;&nbsp;&nbsp;HAL_UART_IRQHandler
<LI><a href="#[88]">&gt;&gt;</a>&nbsp;&nbsp;&nbsp;UART_Receive_IT
</UL>

<P><STRONG><a name="[8b]"></a>HAL_UART_ErrorCallback</STRONG> (Thumb, 2 bytes, Stack size 0 bytes, stm32f1xx_hal_uart.o(i.HAL_UART_ErrorCallback))
<BR><BR>[Called By]<UL><LI><a href="#[87]">&gt;&gt;</a>&nbsp;&nbsp;&nbsp;HAL_UART_IRQHandler
<LI><a href="#[38]">&gt;&gt;</a>&nbsp;&nbsp;&nbsp;UART_DMAAbortOnError
</UL>

<P><STRONG><a name="[87]"></a>HAL_UART_IRQHandler</STRONG> (Thumb, 736 bytes, Stack size 40 bytes, stm32f1xx_hal_uart.o(i.HAL_UART_IRQHandler))
<BR><BR>[Stack]<UL><LI>Max Depth = 64<LI>Call Chain = HAL_UART_IRQHandler &rArr; UART_Receive_IT
</UL>
<BR>[Calls]<UL><LI><a href="#[8a]">&gt;&gt;</a>&nbsp;&nbsp;&nbsp;HAL_DMA_Abort_IT
<LI><a href="#[8c]">&gt;&gt;</a>&nbsp;&nbsp;&nbsp;HAL_DMA_Abort
<LI><a href="#[8b]">&gt;&gt;</a>&nbsp;&nbsp;&nbsp;HAL_UART_ErrorCallback
<LI><a href="#[8d]">&gt;&gt;</a>&nbsp;&nbsp;&nbsp;HAL_UARTEx_RxEventCallback
<LI><a href="#[8e]">&gt;&gt;</a>&nbsp;&nbsp;&nbsp;UART_Transmit_IT
<LI><a href="#[88]">&gt;&gt;</a>&nbsp;&nbsp;&nbsp;UART_Receive_IT
<LI><a href="#[8f]">&gt;&gt;</a>&nbsp;&nbsp;&nbsp;UART_EndTransmit_IT
<LI><a href="#[89]">&gt;&gt;</a>&nbsp;&nbsp;&nbsp;UART_EndRxTransfer
</UL>
<BR>[Called By]<UL><LI><a href="#[2f]">&gt;&gt;</a>&nbsp;&nbsp;&nbsp;USART1_IRQHandler
</UL>

<P><STRONG><a name="[90]"></a>HAL_UART_Init</STRONG> (Thumb, 118 bytes, Stack size 8 bytes, stm32f1xx_hal_uart.o(i.HAL_UART_Init))
<BR><BR>[Stack]<UL><LI>Max Depth = 88<LI>Call Chain = HAL_UART_Init &rArr; HAL_UART_MspInit &rArr; HAL_NVIC_SetPriority &rArr; __NVIC_SetPriority
</UL>
<BR>[Calls]<UL><LI><a href="#[91]">&gt;&gt;</a>&nbsp;&nbsp;&nbsp;HAL_UART_MspInit
<LI><a href="#[92]">&gt;&gt;</a>&nbsp;&nbsp;&nbsp;UART_SetConfig
</UL>
<BR>[Called By]<UL><LI><a href="#[c6]">&gt;&gt;</a>&nbsp;&nbsp;&nbsp;MX_USART3_UART_Init
<LI><a href="#[c5]">&gt;&gt;</a>&nbsp;&nbsp;&nbsp;MX_USART2_UART_Init
<LI><a href="#[c4]">&gt;&gt;</a>&nbsp;&nbsp;&nbsp;MX_USART1_UART_Init
</UL>

<P><STRONG><a name="[91]"></a>HAL_UART_MspInit</STRONG> (Thumb, 376 bytes, Stack size 32 bytes, usart.o(i.HAL_UART_MspInit))
<BR><BR>[Stack]<UL><LI>Max Depth = 80<LI>Call Chain = HAL_UART_MspInit &rArr; HAL_NVIC_SetPriority &rArr; __NVIC_SetPriority
</UL>
<BR>[Calls]<UL><LI><a href="#[64]">&gt;&gt;</a>&nbsp;&nbsp;&nbsp;HAL_NVIC_SetPriority
<LI><a href="#[65]">&gt;&gt;</a>&nbsp;&nbsp;&nbsp;HAL_NVIC_EnableIRQ
<LI><a href="#[6b]">&gt;&gt;</a>&nbsp;&nbsp;&nbsp;HAL_GPIO_Init
</UL>
<BR>[Called By]<UL><LI><a href="#[90]">&gt;&gt;</a>&nbsp;&nbsp;&nbsp;HAL_UART_Init
</UL>

<P><STRONG><a name="[cd]"></a>HAL_UART_RxCpltCallback</STRONG> (Thumb, 16 bytes, Stack size 0 bytes, driver_usart.o(i.HAL_UART_RxCpltCallback))
<BR><BR>[Called By]<UL><LI><a href="#[88]">&gt;&gt;</a>&nbsp;&nbsp;&nbsp;UART_Receive_IT
</UL>

<P><STRONG><a name="[da]"></a>HAL_UART_Transmit_IT</STRONG> (Thumb, 56 bytes, Stack size 8 bytes, stm32f1xx_hal_uart.o(i.HAL_UART_Transmit_IT))
<BR><BR>[Stack]<UL><LI>Max Depth = 8<LI>Call Chain = HAL_UART_Transmit_IT
</UL>
<BR>[Called By]<UL><LI><a href="#[3e]">&gt;&gt;</a>&nbsp;&nbsp;&nbsp;fputc
</UL>

<P><STRONG><a name="[cc]"></a>HAL_UART_TxCpltCallback</STRONG> (Thumb, 16 bytes, Stack size 0 bytes, driver_usart.o(i.HAL_UART_TxCpltCallback))
<BR><BR>[Called By]<UL><LI><a href="#[8f]">&gt;&gt;</a>&nbsp;&nbsp;&nbsp;UART_EndTransmit_IT
</UL>

<P><STRONG><a name="[57]"></a>Hal_Uart_Send</STRONG> (Thumb, 16 bytes, Stack size 16 bytes, hal_uart.o(i.Hal_Uart_Send))
<BR><BR>[Stack]<UL><LI>Max Depth = 24<LI>Call Chain = Hal_Uart_Send &rArr; USART3_Write
</UL>
<BR>[Calls]<UL><LI><a href="#[93]">&gt;&gt;</a>&nbsp;&nbsp;&nbsp;USART3_Write
</UL>
<BR>[Called By]<UL><LI><a href="#[60]">&gt;&gt;</a>&nbsp;&nbsp;&nbsp;AT_SendCmd
<LI><a href="#[56]">&gt;&gt;</a>&nbsp;&nbsp;&nbsp;ATSendData
</UL>

<P><STRONG><a name="[2]"></a>HardFault_Handler</STRONG> (Thumb, 4 bytes, Stack size 0 bytes, stm32f1xx_it.o(i.HardFault_Handler))
<BR>[Address Reference Count : 1]<UL><LI> startup_stm32f103xb.o(RESET)
</UL>
<P><STRONG><a name="[94]"></a>MQTTDeserialize_ack</STRONG> (Thumb, 108 bytes, Stack size 48 bytes, mqttdeserializepublish.o(i.MQTTDeserialize_ack))
<BR><BR>[Stack]<UL><LI>Max Depth = 96<LI>Call Chain = MQTTDeserialize_ack &rArr; MQTTPacket_decodeBuf &rArr; MQTTPacket_decode
</UL>
<BR>[Calls]<UL><LI><a href="#[97]">&gt;&gt;</a>&nbsp;&nbsp;&nbsp;readInt
<LI><a href="#[95]">&gt;&gt;</a>&nbsp;&nbsp;&nbsp;readChar
<LI><a href="#[96]">&gt;&gt;</a>&nbsp;&nbsp;&nbsp;MQTTPacket_decodeBuf
</UL>
<BR>[Called By]<UL><LI><a href="#[9c]">&gt;&gt;</a>&nbsp;&nbsp;&nbsp;MQTTDeserialize_unsuback
<LI><a href="#[116]">&gt;&gt;</a>&nbsp;&nbsp;&nbsp;mqtt_pubrec_and_pubrel_packet_handle
<LI><a href="#[112]">&gt;&gt;</a>&nbsp;&nbsp;&nbsp;mqtt_puback_and_pubcomp_packet_handle
</UL>

<P><STRONG><a name="[98]"></a>MQTTDeserialize_connack</STRONG> (Thumb, 118 bytes, Stack size 48 bytes, mqttconnectclient.o(i.MQTTDeserialize_connack))
<BR><BR>[Stack]<UL><LI>Max Depth = 96<LI>Call Chain = MQTTDeserialize_connack &rArr; MQTTPacket_decodeBuf &rArr; MQTTPacket_decode
</UL>
<BR>[Calls]<UL><LI><a href="#[95]">&gt;&gt;</a>&nbsp;&nbsp;&nbsp;readChar
<LI><a href="#[96]">&gt;&gt;</a>&nbsp;&nbsp;&nbsp;MQTTPacket_decodeBuf
</UL>
<BR>[Called By]<UL><LI><a href="#[f5]">&gt;&gt;</a>&nbsp;&nbsp;&nbsp;mqtt_connect_with_results
</UL>

<P><STRONG><a name="[99]"></a>MQTTDeserialize_publish</STRONG> (Thumb, 168 bytes, Stack size 56 bytes, mqttdeserializepublish.o(i.MQTTDeserialize_publish))
<BR><BR>[Stack]<UL><LI>Max Depth = 104<LI>Call Chain = MQTTDeserialize_publish &rArr; MQTTPacket_decodeBuf &rArr; MQTTPacket_decode
</UL>
<BR>[Calls]<UL><LI><a href="#[9a]">&gt;&gt;</a>&nbsp;&nbsp;&nbsp;readMQTTLenString
<LI><a href="#[97]">&gt;&gt;</a>&nbsp;&nbsp;&nbsp;readInt
<LI><a href="#[95]">&gt;&gt;</a>&nbsp;&nbsp;&nbsp;readChar
<LI><a href="#[96]">&gt;&gt;</a>&nbsp;&nbsp;&nbsp;MQTTPacket_decodeBuf
</UL>
<BR>[Called By]<UL><LI><a href="#[115]">&gt;&gt;</a>&nbsp;&nbsp;&nbsp;mqtt_publish_packet_handle
</UL>

<P><STRONG><a name="[9b]"></a>MQTTDeserialize_suback</STRONG> (Thumb, 146 bytes, Stack size 48 bytes, mqttsubscribeclient.o(i.MQTTDeserialize_suback))
<BR><BR>[Stack]<UL><LI>Max Depth = 96<LI>Call Chain = MQTTDeserialize_suback &rArr; MQTTPacket_decodeBuf &rArr; MQTTPacket_decode
</UL>
<BR>[Calls]<UL><LI><a href="#[97]">&gt;&gt;</a>&nbsp;&nbsp;&nbsp;readInt
<LI><a href="#[95]">&gt;&gt;</a>&nbsp;&nbsp;&nbsp;readChar
<LI><a href="#[96]">&gt;&gt;</a>&nbsp;&nbsp;&nbsp;MQTTPacket_decodeBuf
</UL>
<BR>[Called By]<UL><LI><a href="#[113]">&gt;&gt;</a>&nbsp;&nbsp;&nbsp;mqtt_suback_packet_handle
</UL>

<P><STRONG><a name="[9c]"></a>MQTTDeserialize_unsuback</STRONG> (Thumb, 46 bytes, Stack size 32 bytes, mqttunsubscribeclient.o(i.MQTTDeserialize_unsuback))
<BR><BR>[Stack]<UL><LI>Max Depth = 128<LI>Call Chain = MQTTDeserialize_unsuback &rArr; MQTTDeserialize_ack &rArr; MQTTPacket_decodeBuf &rArr; MQTTPacket_decode
</UL>
<BR>[Calls]<UL><LI><a href="#[94]">&gt;&gt;</a>&nbsp;&nbsp;&nbsp;MQTTDeserialize_ack
</UL>
<BR>[Called By]<UL><LI><a href="#[114]">&gt;&gt;</a>&nbsp;&nbsp;&nbsp;mqtt_unsuback_packet_handle
</UL>

<P><STRONG><a name="[9d]"></a>MQTTPacket_decode</STRONG> (Thumb, 88 bytes, Stack size 32 bytes, mqttpacket.o(i.MQTTPacket_decode))
<BR><BR>[Stack]<UL><LI>Max Depth = 32<LI>Call Chain = MQTTPacket_decode
</UL>
<BR>[Called By]<UL><LI><a href="#[96]">&gt;&gt;</a>&nbsp;&nbsp;&nbsp;MQTTPacket_decodeBuf
</UL>

<P><STRONG><a name="[96]"></a>MQTTPacket_decodeBuf</STRONG> (Thumb, 20 bytes, Stack size 16 bytes, mqttpacket.o(i.MQTTPacket_decodeBuf))
<BR><BR>[Stack]<UL><LI>Max Depth = 48<LI>Call Chain = MQTTPacket_decodeBuf &rArr; MQTTPacket_decode
</UL>
<BR>[Calls]<UL><LI><a href="#[9d]">&gt;&gt;</a>&nbsp;&nbsp;&nbsp;MQTTPacket_decode
</UL>
<BR>[Called By]<UL><LI><a href="#[9b]">&gt;&gt;</a>&nbsp;&nbsp;&nbsp;MQTTDeserialize_suback
<LI><a href="#[99]">&gt;&gt;</a>&nbsp;&nbsp;&nbsp;MQTTDeserialize_publish
<LI><a href="#[94]">&gt;&gt;</a>&nbsp;&nbsp;&nbsp;MQTTDeserialize_ack
<LI><a href="#[98]">&gt;&gt;</a>&nbsp;&nbsp;&nbsp;MQTTDeserialize_connack
</UL>

<P><STRONG><a name="[a2]"></a>MQTTPacket_encode</STRONG> (Thumb, 54 bytes, Stack size 12 bytes, mqttpacket.o(i.MQTTPacket_encode))
<BR><BR>[Stack]<UL><LI>Max Depth = 12<LI>Call Chain = MQTTPacket_encode
</UL>
<BR>[Called By]<UL><LI><a href="#[ae]">&gt;&gt;</a>&nbsp;&nbsp;&nbsp;MQTTSerialize_subscribe
<LI><a href="#[ac]">&gt;&gt;</a>&nbsp;&nbsp;&nbsp;MQTTSerialize_publish
<LI><a href="#[a0]">&gt;&gt;</a>&nbsp;&nbsp;&nbsp;MQTTSerialize_ack
<LI><a href="#[ab]">&gt;&gt;</a>&nbsp;&nbsp;&nbsp;MQTTSerialize_zero
<LI><a href="#[a4]">&gt;&gt;</a>&nbsp;&nbsp;&nbsp;MQTTSerialize_connect
<LI><a href="#[111]">&gt;&gt;</a>&nbsp;&nbsp;&nbsp;mqtt_read_packet
</UL>

<P><STRONG><a name="[9e]"></a>MQTTPacket_equals</STRONG> (Thumb, 66 bytes, Stack size 24 bytes, mqttpacket.o(i.MQTTPacket_equals))
<BR><BR>[Stack]<UL><LI>Max Depth = 36<LI>Call Chain = MQTTPacket_equals &rArr; strncmp
</UL>
<BR>[Calls]<UL><LI><a href="#[9f]">&gt;&gt;</a>&nbsp;&nbsp;&nbsp;strncmp
<LI><a href="#[61]">&gt;&gt;</a>&nbsp;&nbsp;&nbsp;strlen
</UL>
<BR>[Called By]<UL><LI><a href="#[100]">&gt;&gt;</a>&nbsp;&nbsp;&nbsp;mqtt_get_msg_handler
</UL>

<P><STRONG><a name="[a6]"></a>MQTTPacket_len</STRONG> (Thumb, 34 bytes, Stack size 0 bytes, mqttpacket.o(i.MQTTPacket_len))
<BR><BR>[Called By]<UL><LI><a href="#[ae]">&gt;&gt;</a>&nbsp;&nbsp;&nbsp;MQTTSerialize_subscribe
<LI><a href="#[ac]">&gt;&gt;</a>&nbsp;&nbsp;&nbsp;MQTTSerialize_publish
<LI><a href="#[a4]">&gt;&gt;</a>&nbsp;&nbsp;&nbsp;MQTTSerialize_connect
</UL>

<P><STRONG><a name="[a0]"></a>MQTTSerialize_ack</STRONG> (Thumb, 114 bytes, Stack size 40 bytes, mqttserializepublish.o(i.MQTTSerialize_ack))
<BR><BR>[Stack]<UL><LI>Max Depth = 52<LI>Call Chain = MQTTSerialize_ack &rArr; MQTTPacket_encode
</UL>
<BR>[Calls]<UL><LI><a href="#[a3]">&gt;&gt;</a>&nbsp;&nbsp;&nbsp;writeInt
<LI><a href="#[a1]">&gt;&gt;</a>&nbsp;&nbsp;&nbsp;writeChar
<LI><a href="#[a2]">&gt;&gt;</a>&nbsp;&nbsp;&nbsp;MQTTPacket_encode
</UL>
<BR>[Called By]<UL><LI><a href="#[115]">&gt;&gt;</a>&nbsp;&nbsp;&nbsp;mqtt_publish_packet_handle
<LI><a href="#[119]">&gt;&gt;</a>&nbsp;&nbsp;&nbsp;mqtt_publish_ack_packet
</UL>

<P><STRONG><a name="[a4]"></a>MQTTSerialize_connect</STRONG> (Thumb, 342 bytes, Stack size 40 bytes, mqttconnectclient.o(i.MQTTSerialize_connect))
<BR><BR>[Stack]<UL><LI>Max Depth = 88<LI>Call Chain = MQTTSerialize_connect &rArr; writeMQTTString &rArr; writeCString &rArr; writeInt
</UL>
<BR>[Calls]<UL><LI><a href="#[a8]">&gt;&gt;</a>&nbsp;&nbsp;&nbsp;writeMQTTString
<LI><a href="#[a3]">&gt;&gt;</a>&nbsp;&nbsp;&nbsp;writeInt
<LI><a href="#[a1]">&gt;&gt;</a>&nbsp;&nbsp;&nbsp;writeChar
<LI><a href="#[a7]">&gt;&gt;</a>&nbsp;&nbsp;&nbsp;writeCString
<LI><a href="#[a6]">&gt;&gt;</a>&nbsp;&nbsp;&nbsp;MQTTPacket_len
<LI><a href="#[a2]">&gt;&gt;</a>&nbsp;&nbsp;&nbsp;MQTTPacket_encode
<LI><a href="#[a5]">&gt;&gt;</a>&nbsp;&nbsp;&nbsp;MQTTSerialize_connectLength
</UL>
<BR>[Called By]<UL><LI><a href="#[f5]">&gt;&gt;</a>&nbsp;&nbsp;&nbsp;mqtt_connect_with_results
</UL>

<P><STRONG><a name="[a5]"></a>MQTTSerialize_connectLength</STRONG> (Thumb, 118 bytes, Stack size 16 bytes, mqttconnectclient.o(i.MQTTSerialize_connectLength))
<BR><BR>[Stack]<UL><LI>Max Depth = 40<LI>Call Chain = MQTTSerialize_connectLength &rArr; MQTTstrlen
</UL>
<BR>[Calls]<UL><LI><a href="#[a9]">&gt;&gt;</a>&nbsp;&nbsp;&nbsp;MQTTstrlen
</UL>
<BR>[Called By]<UL><LI><a href="#[a4]">&gt;&gt;</a>&nbsp;&nbsp;&nbsp;MQTTSerialize_connect
</UL>

<P><STRONG><a name="[aa]"></a>MQTTSerialize_pingreq</STRONG> (Thumb, 18 bytes, Stack size 16 bytes, mqttconnectclient.o(i.MQTTSerialize_pingreq))
<BR><BR>[Stack]<UL><LI>Max Depth = 60<LI>Call Chain = MQTTSerialize_pingreq &rArr; MQTTSerialize_zero &rArr; MQTTPacket_encode
</UL>
<BR>[Calls]<UL><LI><a href="#[ab]">&gt;&gt;</a>&nbsp;&nbsp;&nbsp;MQTTSerialize_zero
</UL>
<BR>[Called By]<UL><LI><a href="#[109]">&gt;&gt;</a>&nbsp;&nbsp;&nbsp;mqtt_keep_alive
</UL>

<P><STRONG><a name="[ac]"></a>MQTTSerialize_publish</STRONG> (Thumb, 176 bytes, Stack size 64 bytes, mqttserializepublish.o(i.MQTTSerialize_publish))
<BR><BR>[Stack]<UL><LI>Max Depth = 120<LI>Call Chain = MQTTSerialize_publish &rArr; MQTTSerialize_publishLength &rArr; MQTTstrlen
</UL>
<BR>[Calls]<UL><LI><a href="#[ad]">&gt;&gt;</a>&nbsp;&nbsp;&nbsp;MQTTSerialize_publishLength
<LI><a href="#[a8]">&gt;&gt;</a>&nbsp;&nbsp;&nbsp;writeMQTTString
<LI><a href="#[a3]">&gt;&gt;</a>&nbsp;&nbsp;&nbsp;writeInt
<LI><a href="#[a1]">&gt;&gt;</a>&nbsp;&nbsp;&nbsp;writeChar
<LI><a href="#[a6]">&gt;&gt;</a>&nbsp;&nbsp;&nbsp;MQTTPacket_len
<LI><a href="#[a2]">&gt;&gt;</a>&nbsp;&nbsp;&nbsp;MQTTPacket_encode
<LI><a href="#[62]">&gt;&gt;</a>&nbsp;&nbsp;&nbsp;__aeabi_memcpy
</UL>
<BR>[Called By]<UL><LI><a href="#[bc]">&gt;&gt;</a>&nbsp;&nbsp;&nbsp;mqtt_publish
</UL>

<P><STRONG><a name="[ad]"></a>MQTTSerialize_publishLength</STRONG> (Thumb, 34 bytes, Stack size 32 bytes, mqttserializepublish.o(i.MQTTSerialize_publishLength))
<BR><BR>[Stack]<UL><LI>Max Depth = 56<LI>Call Chain = MQTTSerialize_publishLength &rArr; MQTTstrlen
</UL>
<BR>[Calls]<UL><LI><a href="#[a9]">&gt;&gt;</a>&nbsp;&nbsp;&nbsp;MQTTstrlen
</UL>
<BR>[Called By]<UL><LI><a href="#[ac]">&gt;&gt;</a>&nbsp;&nbsp;&nbsp;MQTTSerialize_publish
</UL>

<P><STRONG><a name="[ae]"></a>MQTTSerialize_subscribe</STRONG> (Thumb, 176 bytes, Stack size 56 bytes, mqttsubscribeclient.o(i.MQTTSerialize_subscribe))
<BR><BR>[Stack]<UL><LI>Max Depth = 104<LI>Call Chain = MQTTSerialize_subscribe &rArr; MQTTSerialize_subscribeLength &rArr; MQTTstrlen
</UL>
<BR>[Calls]<UL><LI><a href="#[af]">&gt;&gt;</a>&nbsp;&nbsp;&nbsp;MQTTSerialize_subscribeLength
<LI><a href="#[a8]">&gt;&gt;</a>&nbsp;&nbsp;&nbsp;writeMQTTString
<LI><a href="#[a3]">&gt;&gt;</a>&nbsp;&nbsp;&nbsp;writeInt
<LI><a href="#[a1]">&gt;&gt;</a>&nbsp;&nbsp;&nbsp;writeChar
<LI><a href="#[a6]">&gt;&gt;</a>&nbsp;&nbsp;&nbsp;MQTTPacket_len
<LI><a href="#[a2]">&gt;&gt;</a>&nbsp;&nbsp;&nbsp;MQTTPacket_encode
</UL>
<BR>[Called By]<UL><LI><a href="#[bb]">&gt;&gt;</a>&nbsp;&nbsp;&nbsp;mqtt_subscribe
</UL>

<P><STRONG><a name="[af]"></a>MQTTSerialize_subscribeLength</STRONG> (Thumb, 46 bytes, Stack size 24 bytes, mqttsubscribeclient.o(i.MQTTSerialize_subscribeLength))
<BR><BR>[Stack]<UL><LI>Max Depth = 48<LI>Call Chain = MQTTSerialize_subscribeLength &rArr; MQTTstrlen
</UL>
<BR>[Calls]<UL><LI><a href="#[a9]">&gt;&gt;</a>&nbsp;&nbsp;&nbsp;MQTTstrlen
</UL>
<BR>[Called By]<UL><LI><a href="#[ae]">&gt;&gt;</a>&nbsp;&nbsp;&nbsp;MQTTSerialize_subscribe
</UL>

<P><STRONG><a name="[ab]"></a>MQTTSerialize_zero</STRONG> (Thumb, 76 bytes, Stack size 32 bytes, mqttconnectclient.o(i.MQTTSerialize_zero))
<BR><BR>[Stack]<UL><LI>Max Depth = 44<LI>Call Chain = MQTTSerialize_zero &rArr; MQTTPacket_encode
</UL>
<BR>[Calls]<UL><LI><a href="#[a1]">&gt;&gt;</a>&nbsp;&nbsp;&nbsp;writeChar
<LI><a href="#[a2]">&gt;&gt;</a>&nbsp;&nbsp;&nbsp;MQTTPacket_encode
</UL>
<BR>[Called By]<UL><LI><a href="#[aa]">&gt;&gt;</a>&nbsp;&nbsp;&nbsp;MQTTSerialize_pingreq
</UL>

<P><STRONG><a name="[3d]"></a>MQTT_Client_Task</STRONG> (Thumb, 282 bytes, Stack size 72 bytes, atcommand.o(i.MQTT_Client_Task))
<BR><BR>[Stack]<UL><LI>Max Depth = 680<LI>Call Chain = MQTT_Client_Task &rArr; mqtt_connect &rArr; mqtt_connect_with_results &rArr; mqtt_wait_packet &rArr; mqtt_packet_handle &rArr; mqtt_publish_packet_handle &rArr; mqtt_send_packet &rArr; network_write &rArr; nettype_tcp_write &rArr; platform_net_socket_write_timeout &rArr; AT_SendCmd &rArr; platform_mutex_lock_timeout &rArr; xQueueSemaphoreTake &rArr; vTaskPlaceOnEventList &rArr; prvAddCurrentTaskToDelayedList &rArr; vListInsert
</UL>
<BR>[Calls]<UL><LI><a href="#[ba]">&gt;&gt;</a>&nbsp;&nbsp;&nbsp;vTaskDelete
<LI><a href="#[be]">&gt;&gt;</a>&nbsp;&nbsp;&nbsp;vTaskDelay
<LI><a href="#[bd]">&gt;&gt;</a>&nbsp;&nbsp;&nbsp;__2sprintf
<LI><a href="#[b9]">&gt;&gt;</a>&nbsp;&nbsp;&nbsp;__2printf
<LI><a href="#[61]">&gt;&gt;</a>&nbsp;&nbsp;&nbsp;strlen
<LI><a href="#[b3]">&gt;&gt;</a>&nbsp;&nbsp;&nbsp;random_string
<LI><a href="#[bb]">&gt;&gt;</a>&nbsp;&nbsp;&nbsp;mqtt_subscribe
<LI><a href="#[b5]">&gt;&gt;</a>&nbsp;&nbsp;&nbsp;mqtt_set_user_name
<LI><a href="#[b1]">&gt;&gt;</a>&nbsp;&nbsp;&nbsp;mqtt_set_port
<LI><a href="#[b6]">&gt;&gt;</a>&nbsp;&nbsp;&nbsp;mqtt_set_password
<LI><a href="#[b2]">&gt;&gt;</a>&nbsp;&nbsp;&nbsp;mqtt_set_host
<LI><a href="#[b4]">&gt;&gt;</a>&nbsp;&nbsp;&nbsp;mqtt_set_client_id
<LI><a href="#[b7]">&gt;&gt;</a>&nbsp;&nbsp;&nbsp;mqtt_set_clean_session
<LI><a href="#[bc]">&gt;&gt;</a>&nbsp;&nbsp;&nbsp;mqtt_publish
<LI><a href="#[b0]">&gt;&gt;</a>&nbsp;&nbsp;&nbsp;mqtt_lease
<LI><a href="#[b8]">&gt;&gt;</a>&nbsp;&nbsp;&nbsp;mqtt_connect
</UL>
<BR>[Address Reference Count : 1]<UL><LI> freertos.o(i.MX_FREERTOS_Init)
</UL>
<P><STRONG><a name="[a9]"></a>MQTTstrlen</STRONG> (Thumb, 24 bytes, Stack size 24 bytes, mqttpacket.o(i.MQTTstrlen))
<BR><BR>[Stack]<UL><LI>Max Depth = 24<LI>Call Chain = MQTTstrlen
</UL>
<BR>[Calls]<UL><LI><a href="#[61]">&gt;&gt;</a>&nbsp;&nbsp;&nbsp;strlen
</UL>
<BR>[Called By]<UL><LI><a href="#[af]">&gt;&gt;</a>&nbsp;&nbsp;&nbsp;MQTTSerialize_subscribeLength
<LI><a href="#[ad]">&gt;&gt;</a>&nbsp;&nbsp;&nbsp;MQTTSerialize_publishLength
<LI><a href="#[a5]">&gt;&gt;</a>&nbsp;&nbsp;&nbsp;MQTTSerialize_connectLength
</UL>

<P><STRONG><a name="[bf]"></a>MX_FREERTOS_Init</STRONG> (Thumb, 38 bytes, Stack size 8 bytes, freertos.o(i.MX_FREERTOS_Init))
<BR><BR>[Stack]<UL><LI>Max Depth = 200<LI>Call Chain = MX_FREERTOS_Init &rArr; osThreadNew &rArr; xTaskCreate &rArr; pvPortMalloc &rArr; xTaskResumeAll &rArr; xTaskIncrementTick
</UL>
<BR>[Calls]<UL><LI><a href="#[c0]">&gt;&gt;</a>&nbsp;&nbsp;&nbsp;osThreadNew
</UL>
<BR>[Called By]<UL><LI><a href="#[35]">&gt;&gt;</a>&nbsp;&nbsp;&nbsp;main
</UL>

<P><STRONG><a name="[c1]"></a>MX_GPIO_Init</STRONG> (Thumb, 164 bytes, Stack size 24 bytes, gpio.o(i.MX_GPIO_Init))
<BR><BR>[Stack]<UL><LI>Max Depth = 60<LI>Call Chain = MX_GPIO_Init &rArr; HAL_GPIO_Init
</UL>
<BR>[Calls]<UL><LI><a href="#[6b]">&gt;&gt;</a>&nbsp;&nbsp;&nbsp;HAL_GPIO_Init
</UL>
<BR>[Called By]<UL><LI><a href="#[35]">&gt;&gt;</a>&nbsp;&nbsp;&nbsp;main
</UL>

<P><STRONG><a name="[c2]"></a>MX_I2C1_Init</STRONG> (Thumb, 48 bytes, Stack size 8 bytes, i2c.o(i.MX_I2C1_Init))
<BR><BR>[Stack]<UL><LI>Max Depth = 92<LI>Call Chain = MX_I2C1_Init &rArr; HAL_I2C_Init &rArr; HAL_I2C_MspInit &rArr; HAL_GPIO_Init
</UL>
<BR>[Calls]<UL><LI><a href="#[68]">&gt;&gt;</a>&nbsp;&nbsp;&nbsp;HAL_I2C_Init
<LI><a href="#[c3]">&gt;&gt;</a>&nbsp;&nbsp;&nbsp;Error_Handler
</UL>
<BR>[Called By]<UL><LI><a href="#[35]">&gt;&gt;</a>&nbsp;&nbsp;&nbsp;main
</UL>

<P><STRONG><a name="[c4]"></a>MX_USART1_UART_Init</STRONG> (Thumb, 46 bytes, Stack size 8 bytes, usart.o(i.MX_USART1_UART_Init))
<BR><BR>[Stack]<UL><LI>Max Depth = 96<LI>Call Chain = MX_USART1_UART_Init &rArr; HAL_UART_Init &rArr; HAL_UART_MspInit &rArr; HAL_NVIC_SetPriority &rArr; __NVIC_SetPriority
</UL>
<BR>[Calls]<UL><LI><a href="#[90]">&gt;&gt;</a>&nbsp;&nbsp;&nbsp;HAL_UART_Init
<LI><a href="#[c3]">&gt;&gt;</a>&nbsp;&nbsp;&nbsp;Error_Handler
</UL>
<BR>[Called By]<UL><LI><a href="#[35]">&gt;&gt;</a>&nbsp;&nbsp;&nbsp;main
</UL>

<P><STRONG><a name="[c5]"></a>MX_USART2_UART_Init</STRONG> (Thumb, 46 bytes, Stack size 8 bytes, usart.o(i.MX_USART2_UART_Init))
<BR><BR>[Stack]<UL><LI>Max Depth = 96<LI>Call Chain = MX_USART2_UART_Init &rArr; HAL_UART_Init &rArr; HAL_UART_MspInit &rArr; HAL_NVIC_SetPriority &rArr; __NVIC_SetPriority
</UL>
<BR>[Calls]<UL><LI><a href="#[90]">&gt;&gt;</a>&nbsp;&nbsp;&nbsp;HAL_UART_Init
<LI><a href="#[c3]">&gt;&gt;</a>&nbsp;&nbsp;&nbsp;Error_Handler
</UL>
<BR>[Called By]<UL><LI><a href="#[35]">&gt;&gt;</a>&nbsp;&nbsp;&nbsp;main
</UL>

<P><STRONG><a name="[c6]"></a>MX_USART3_UART_Init</STRONG> (Thumb, 46 bytes, Stack size 8 bytes, usart.o(i.MX_USART3_UART_Init))
<BR><BR>[Stack]<UL><LI>Max Depth = 96<LI>Call Chain = MX_USART3_UART_Init &rArr; HAL_UART_Init &rArr; HAL_UART_MspInit &rArr; HAL_NVIC_SetPriority &rArr; __NVIC_SetPriority
</UL>
<BR>[Calls]<UL><LI><a href="#[90]">&gt;&gt;</a>&nbsp;&nbsp;&nbsp;HAL_UART_Init
<LI><a href="#[c3]">&gt;&gt;</a>&nbsp;&nbsp;&nbsp;Error_Handler
</UL>
<BR>[Called By]<UL><LI><a href="#[35]">&gt;&gt;</a>&nbsp;&nbsp;&nbsp;main
</UL>

<P><STRONG><a name="[3]"></a>MemManage_Handler</STRONG> (Thumb, 4 bytes, Stack size 0 bytes, stm32f1xx_it.o(i.MemManage_Handler))
<BR>[Address Reference Count : 1]<UL><LI> startup_stm32f103xb.o(RESET)
</UL>
<P><STRONG><a name="[1]"></a>NMI_Handler</STRONG> (Thumb, 4 bytes, Stack size 0 bytes, stm32f1xx_it.o(i.NMI_Handler))
<BR>[Address Reference Count : 1]<UL><LI> startup_stm32f103xb.o(RESET)
</UL>
<P><STRONG><a name="[5c]"></a>SetATstatus</STRONG> (Thumb, 10 bytes, Stack size 0 bytes, atcommand.o(i.SetATstatus))
<BR><BR>[Called By]<UL><LI><a href="#[3c]">&gt;&gt;</a>&nbsp;&nbsp;&nbsp;AT_RecvParse
</UL>

<P><STRONG><a name="[3b]"></a>StartDefaultTask</STRONG> (Thumb, 16 bytes, Stack size 0 bytes, freertos.o(i.StartDefaultTask))
<BR><BR>[Stack]<UL><LI>Max Depth = 72<LI>Call Chain = StartDefaultTask &rArr; osDelay &rArr; vTaskDelay &rArr; xTaskResumeAll &rArr; xTaskIncrementTick
</UL>
<BR>[Calls]<UL><LI><a href="#[c8]">&gt;&gt;</a>&nbsp;&nbsp;&nbsp;osDelay
<LI><a href="#[b9]">&gt;&gt;</a>&nbsp;&nbsp;&nbsp;__2printf
</UL>
<BR>[Address Reference Count : 1]<UL><LI> freertos.o(i.MX_FREERTOS_Init)
</UL>
<P><STRONG><a name="[9]"></a>SysTick_Handler</STRONG> (Thumb, 46 bytes, Stack size 8 bytes, port.o(i.SysTick_Handler))
<BR><BR>[Stack]<UL><LI>Max Depth = 32<LI>Call Chain = SysTick_Handler &rArr; xTaskIncrementTick
</UL>
<BR>[Calls]<UL><LI><a href="#[c9]">&gt;&gt;</a>&nbsp;&nbsp;&nbsp;xTaskIncrementTick
</UL>
<BR>[Address Reference Count : 1]<UL><LI> startup_stm32f103xb.o(RESET)
</UL>
<P><STRONG><a name="[ca]"></a>SystemClock_Config</STRONG> (Thumb, 102 bytes, Stack size 64 bytes, main.o(i.SystemClock_Config))
<BR><BR>[Stack]<UL><LI>Max Depth = 184<LI>Call Chain = SystemClock_Config &rArr; HAL_RCC_ClockConfig &rArr; HAL_InitTick &rArr; HAL_NVIC_SetPriority &rArr; __NVIC_SetPriority
</UL>
<BR>[Calls]<UL><LI><a href="#[7a]">&gt;&gt;</a>&nbsp;&nbsp;&nbsp;HAL_RCC_OscConfig
<LI><a href="#[75]">&gt;&gt;</a>&nbsp;&nbsp;&nbsp;HAL_RCC_ClockConfig
<LI><a href="#[c3]">&gt;&gt;</a>&nbsp;&nbsp;&nbsp;Error_Handler
<LI><a href="#[cb]">&gt;&gt;</a>&nbsp;&nbsp;&nbsp;__aeabi_memclr4
</UL>
<BR>[Called By]<UL><LI><a href="#[35]">&gt;&gt;</a>&nbsp;&nbsp;&nbsp;main
</UL>

<P><STRONG><a name="[36]"></a>SystemInit</STRONG> (Thumb, 2 bytes, Stack size 0 bytes, system_stm32f1xx.o(i.SystemInit))
<BR>[Address Reference Count : 1]<UL><LI> startup_stm32f103xb.o(.text)
</UL>
<P><STRONG><a name="[28]"></a>TIM4_IRQHandler</STRONG> (Thumb, 10 bytes, Stack size 8 bytes, stm32f1xx_it.o(i.TIM4_IRQHandler))
<BR><BR>[Stack]<UL><LI>Max Depth = 24<LI>Call Chain = TIM4_IRQHandler &rArr; HAL_TIM_IRQHandler &rArr; HAL_TIM_PeriodElapsedCallback
</UL>
<BR>[Calls]<UL><LI><a href="#[7e]">&gt;&gt;</a>&nbsp;&nbsp;&nbsp;HAL_TIM_IRQHandler
</UL>
<BR>[Address Reference Count : 1]<UL><LI> startup_stm32f103xb.o(RESET)
</UL>
<P><STRONG><a name="[7d]"></a>TIM_Base_SetConfig</STRONG> (Thumb, 104 bytes, Stack size 8 bytes, stm32f1xx_hal_tim.o(i.TIM_Base_SetConfig))
<BR><BR>[Stack]<UL><LI>Max Depth = 8<LI>Call Chain = TIM_Base_SetConfig
</UL>
<BR>[Called By]<UL><LI><a href="#[71]">&gt;&gt;</a>&nbsp;&nbsp;&nbsp;HAL_TIM_Base_Init
</UL>

<P><STRONG><a name="[2f]"></a>USART1_IRQHandler</STRONG> (Thumb, 38 bytes, Stack size 8 bytes, driver_usart.o(i.USART1_IRQHandler))
<BR><BR>[Stack]<UL><LI>Max Depth = 72<LI>Call Chain = USART1_IRQHandler &rArr; HAL_UART_IRQHandler &rArr; UART_Receive_IT
</UL>
<BR>[Calls]<UL><LI><a href="#[87]">&gt;&gt;</a>&nbsp;&nbsp;&nbsp;HAL_UART_IRQHandler
<LI><a href="#[c7]">&gt;&gt;</a>&nbsp;&nbsp;&nbsp;ring_buffer_write
</UL>
<BR>[Address Reference Count : 1]<UL><LI> startup_stm32f103xb.o(RESET)
</UL>
<P><STRONG><a name="[31]"></a>USART3_IRQHandler</STRONG> (Thumb, 54 bytes, Stack size 16 bytes, uart3_irq.o(i.USART3_IRQHandler))
<BR><BR>[Stack]<UL><LI>Max Depth = 72<LI>Call Chain = USART3_IRQHandler &rArr; platform_mutex_unlock_Fromisr &rArr; xQueueGiveFromISR &rArr; xTaskRemoveFromEventList
</UL>
<BR>[Calls]<UL><LI><a href="#[c7]">&gt;&gt;</a>&nbsp;&nbsp;&nbsp;ring_buffer_write
<LI><a href="#[ce]">&gt;&gt;</a>&nbsp;&nbsp;&nbsp;platform_mutex_unlock_Fromisr
</UL>
<BR>[Address Reference Count : 1]<UL><LI> startup_stm32f103xb.o(RESET)
</UL>
<P><STRONG><a name="[67]"></a>USART3_Read</STRONG> (Thumb, 30 bytes, Stack size 16 bytes, uart3_irq.o(i.USART3_Read))
<BR><BR>[Stack]<UL><LI>Max Depth = 120<LI>Call Chain = USART3_Read &rArr; platform_mutex_lock_timeout &rArr; xQueueSemaphoreTake &rArr; vTaskPlaceOnEventList &rArr; prvAddCurrentTaskToDelayedList &rArr; vListInsert
</UL>
<BR>[Calls]<UL><LI><a href="#[54]">&gt;&gt;</a>&nbsp;&nbsp;&nbsp;ring_buffer_read
<LI><a href="#[55]">&gt;&gt;</a>&nbsp;&nbsp;&nbsp;platform_mutex_lock_timeout
</UL>
<BR>[Called By]<UL><LI><a href="#[59]">&gt;&gt;</a>&nbsp;&nbsp;&nbsp;HAL_AT_Receive
</UL>

<P><STRONG><a name="[93]"></a>USART3_Write</STRONG> (Thumb, 40 bytes, Stack size 8 bytes, uart3_irq.o(i.USART3_Write))
<BR><BR>[Stack]<UL><LI>Max Depth = 8<LI>Call Chain = USART3_Write
</UL>
<BR>[Called By]<UL><LI><a href="#[57]">&gt;&gt;</a>&nbsp;&nbsp;&nbsp;Hal_Uart_Send
</UL>

<P><STRONG><a name="[cf]"></a>Uart3_Lock_Init</STRONG> (Thumb, 22 bytes, Stack size 8 bytes, uart3_irq.o(i.Uart3_Lock_Init))
<BR><BR>[Stack]<UL><LI>Max Depth = 120<LI>Call Chain = Uart3_Lock_Init &rArr; platform_mutex_init &rArr; xQueueGenericSend &rArr; vTaskPlaceOnEventList &rArr; prvAddCurrentTaskToDelayedList &rArr; vListInsert
</UL>
<BR>[Calls]<UL><LI><a href="#[52]">&gt;&gt;</a>&nbsp;&nbsp;&nbsp;ring_buffer_init
<LI><a href="#[51]">&gt;&gt;</a>&nbsp;&nbsp;&nbsp;platform_mutex_lock
<LI><a href="#[50]">&gt;&gt;</a>&nbsp;&nbsp;&nbsp;platform_mutex_init
</UL>
<BR>[Called By]<UL><LI><a href="#[35]">&gt;&gt;</a>&nbsp;&nbsp;&nbsp;main
</UL>

<P><STRONG><a name="[5]"></a>UsageFault_Handler</STRONG> (Thumb, 4 bytes, Stack size 0 bytes, stm32f1xx_it.o(i.UsageFault_Handler))
<BR>[Address Reference Count : 1]<UL><LI> startup_stm32f103xb.o(RESET)
</UL>
<P><STRONG><a name="[d0]"></a>__0printf$8</STRONG> (Thumb, 22 bytes, Stack size 24 bytes, printf8.o(i.__0printf$8), UNUSED)
<BR><BR>[Calls]<UL><LI><a href="#[d1]">&gt;&gt;</a>&nbsp;&nbsp;&nbsp;_printf_core
</UL>

<P><STRONG><a name="[188]"></a>__1printf$8</STRONG> (Thumb, 0 bytes, Stack size 24 bytes, printf8.o(i.__0printf$8), UNUSED)

<P><STRONG><a name="[b9]"></a>__2printf</STRONG> (Thumb, 0 bytes, Stack size 24 bytes, printf8.o(i.__0printf$8))
<BR><BR>[Stack]<UL><LI>Max Depth = 24<LI>Call Chain = __2printf
</UL>
<BR>[Called By]<UL><LI><a href="#[3d]">&gt;&gt;</a>&nbsp;&nbsp;&nbsp;MQTT_Client_Task
<LI><a href="#[3b]">&gt;&gt;</a>&nbsp;&nbsp;&nbsp;StartDefaultTask
<LI><a href="#[35]">&gt;&gt;</a>&nbsp;&nbsp;&nbsp;main
<LI><a href="#[3a]">&gt;&gt;</a>&nbsp;&nbsp;&nbsp;topic1_handler
<LI><a href="#[12b]">&gt;&gt;</a>&nbsp;&nbsp;&nbsp;platform_net_socket_write_timeout
<LI><a href="#[125]">&gt;&gt;</a>&nbsp;&nbsp;&nbsp;platform_net_socket_connect
<LI><a href="#[b5]">&gt;&gt;</a>&nbsp;&nbsp;&nbsp;mqtt_set_user_name
<LI><a href="#[b1]">&gt;&gt;</a>&nbsp;&nbsp;&nbsp;mqtt_set_port
<LI><a href="#[b6]">&gt;&gt;</a>&nbsp;&nbsp;&nbsp;mqtt_set_password
<LI><a href="#[b2]">&gt;&gt;</a>&nbsp;&nbsp;&nbsp;mqtt_set_host
<LI><a href="#[b4]">&gt;&gt;</a>&nbsp;&nbsp;&nbsp;mqtt_set_client_id
<LI><a href="#[b7]">&gt;&gt;</a>&nbsp;&nbsp;&nbsp;mqtt_set_clean_session
<LI><a href="#[bc]">&gt;&gt;</a>&nbsp;&nbsp;&nbsp;mqtt_publish
<LI><a href="#[109]">&gt;&gt;</a>&nbsp;&nbsp;&nbsp;mqtt_keep_alive
<LI><a href="#[40]">&gt;&gt;</a>&nbsp;&nbsp;&nbsp;mqtt_yield_thread
<LI><a href="#[120]">&gt;&gt;</a>&nbsp;&nbsp;&nbsp;mqtt_yield
<LI><a href="#[106]">&gt;&gt;</a>&nbsp;&nbsp;&nbsp;mqtt_write_buf_malloc
<LI><a href="#[11e]">&gt;&gt;</a>&nbsp;&nbsp;&nbsp;mqtt_try_resubscribe
<LI><a href="#[11d]">&gt;&gt;</a>&nbsp;&nbsp;&nbsp;mqtt_try_do_reconnect
<LI><a href="#[113]">&gt;&gt;</a>&nbsp;&nbsp;&nbsp;mqtt_suback_packet_handle
<LI><a href="#[105]">&gt;&gt;</a>&nbsp;&nbsp;&nbsp;mqtt_read_buf_malloc
<LI><a href="#[110]">&gt;&gt;</a>&nbsp;&nbsp;&nbsp;mqtt_packet_handle
<LI><a href="#[10c]">&gt;&gt;</a>&nbsp;&nbsp;&nbsp;mqtt_msg_handler_is_exist
<LI><a href="#[104]">&gt;&gt;</a>&nbsp;&nbsp;&nbsp;mqtt_init
<LI><a href="#[f5]">&gt;&gt;</a>&nbsp;&nbsp;&nbsp;mqtt_connect_with_results
<LI><a href="#[e5]">&gt;&gt;</a>&nbsp;&nbsp;&nbsp;mqtt_ack_handler_resend
<LI><a href="#[41]">&gt;&gt;</a>&nbsp;&nbsp;&nbsp;default_msg_handler
</UL>

<P><STRONG><a name="[d2]"></a>__0sprintf$8</STRONG> (Thumb, 34 bytes, Stack size 24 bytes, printf8.o(i.__0sprintf$8), UNUSED)
<BR><BR>[Calls]<UL><LI><a href="#[3f]">&gt;&gt;</a>&nbsp;&nbsp;&nbsp;_sputc
<LI><a href="#[d1]">&gt;&gt;</a>&nbsp;&nbsp;&nbsp;_printf_core
</UL>

<P><STRONG><a name="[189]"></a>__1sprintf$8</STRONG> (Thumb, 0 bytes, Stack size 24 bytes, printf8.o(i.__0sprintf$8), UNUSED)

<P><STRONG><a name="[bd]"></a>__2sprintf</STRONG> (Thumb, 0 bytes, Stack size 24 bytes, printf8.o(i.__0sprintf$8))
<BR><BR>[Stack]<UL><LI>Max Depth = 24<LI>Call Chain = __2sprintf
</UL>
<BR>[Called By]<UL><LI><a href="#[3d]">&gt;&gt;</a>&nbsp;&nbsp;&nbsp;MQTT_Client_Task
<LI><a href="#[12b]">&gt;&gt;</a>&nbsp;&nbsp;&nbsp;platform_net_socket_write_timeout
<LI><a href="#[125]">&gt;&gt;</a>&nbsp;&nbsp;&nbsp;platform_net_socket_connect
</UL>

<P><STRONG><a name="[18a]"></a>__scatterload_copy</STRONG> (Thumb, 14 bytes, Stack size unknown bytes, handlers.o(i.__scatterload_copy), UNUSED)

<P><STRONG><a name="[18b]"></a>__scatterload_null</STRONG> (Thumb, 2 bytes, Stack size unknown bytes, handlers.o(i.__scatterload_null), UNUSED)

<P><STRONG><a name="[18c]"></a>__scatterload_zeroinit</STRONG> (Thumb, 14 bytes, Stack size unknown bytes, handlers.o(i.__scatterload_zeroinit), UNUSED)

<P><STRONG><a name="[39]"></a>bufchar</STRONG> (Thumb, 36 bytes, Stack size 8 bytes, mqttpacket.o(i.bufchar))
<BR><BR>[Stack]<UL><LI>Max Depth = 8<LI>Call Chain = bufchar
</UL>
<BR>[Address Reference Count : 1]<UL><LI> mqttpacket.o(i.MQTTPacket_decodeBuf)
</UL>
<P><STRONG><a name="[3e]"></a>fputc</STRONG> (Thumb, 34 bytes, Stack size 16 bytes, driver_usart.o(i.fputc))
<BR><BR>[Stack]<UL><LI>Max Depth = 24<LI>Call Chain = fputc &rArr; HAL_UART_Transmit_IT
</UL>
<BR>[Calls]<UL><LI><a href="#[da]">&gt;&gt;</a>&nbsp;&nbsp;&nbsp;HAL_UART_Transmit_IT
</UL>
<BR>[Address Reference Count : 1]<UL><LI> printf8.o(i.__0printf$8)
</UL>
<P><STRONG><a name="[35]"></a>main</STRONG> (Thumb, 72 bytes, Stack size 0 bytes, main.o(i.main))
<BR><BR>[Stack]<UL><LI>Max Depth = 200<LI>Call Chain = main &rArr; MX_FREERTOS_Init &rArr; osThreadNew &rArr; xTaskCreate &rArr; pvPortMalloc &rArr; xTaskResumeAll &rArr; xTaskIncrementTick
</UL>
<BR>[Calls]<UL><LI><a href="#[52]">&gt;&gt;</a>&nbsp;&nbsp;&nbsp;ring_buffer_init
<LI><a href="#[dc]">&gt;&gt;</a>&nbsp;&nbsp;&nbsp;osKernelStart
<LI><a href="#[db]">&gt;&gt;</a>&nbsp;&nbsp;&nbsp;osKernelInitialize
<LI><a href="#[cf]">&gt;&gt;</a>&nbsp;&nbsp;&nbsp;Uart3_Lock_Init
<LI><a href="#[c6]">&gt;&gt;</a>&nbsp;&nbsp;&nbsp;MX_USART3_UART_Init
<LI><a href="#[c5]">&gt;&gt;</a>&nbsp;&nbsp;&nbsp;MX_USART2_UART_Init
<LI><a href="#[c4]">&gt;&gt;</a>&nbsp;&nbsp;&nbsp;MX_USART1_UART_Init
<LI><a href="#[c2]">&gt;&gt;</a>&nbsp;&nbsp;&nbsp;MX_I2C1_Init
<LI><a href="#[c1]">&gt;&gt;</a>&nbsp;&nbsp;&nbsp;MX_GPIO_Init
<LI><a href="#[bf]">&gt;&gt;</a>&nbsp;&nbsp;&nbsp;MX_FREERTOS_Init
<LI><a href="#[6c]">&gt;&gt;</a>&nbsp;&nbsp;&nbsp;HAL_Init
<LI><a href="#[66]">&gt;&gt;</a>&nbsp;&nbsp;&nbsp;EnableUART3IRQ
<LI><a href="#[63]">&gt;&gt;</a>&nbsp;&nbsp;&nbsp;EnableDebugIRQ
<LI><a href="#[4f]">&gt;&gt;</a>&nbsp;&nbsp;&nbsp;ATInit
<LI><a href="#[ca]">&gt;&gt;</a>&nbsp;&nbsp;&nbsp;SystemClock_Config
<LI><a href="#[b9]">&gt;&gt;</a>&nbsp;&nbsp;&nbsp;__2printf
</UL>
<BR>[Address Reference Count : 1]<UL><LI> entry9a.o(.ARM.Collect$$$$0000000B)
</UL>
<P><STRONG><a name="[b8]"></a>mqtt_connect</STRONG> (Thumb, 12 bytes, Stack size 8 bytes, mqttclient.o(i.mqtt_connect))
<BR><BR>[Stack]<UL><LI>Max Depth = 608<LI>Call Chain = mqtt_connect &rArr; mqtt_connect_with_results &rArr; mqtt_wait_packet &rArr; mqtt_packet_handle &rArr; mqtt_publish_packet_handle &rArr; mqtt_send_packet &rArr; network_write &rArr; nettype_tcp_write &rArr; platform_net_socket_write_timeout &rArr; AT_SendCmd &rArr; platform_mutex_lock_timeout &rArr; xQueueSemaphoreTake &rArr; vTaskPlaceOnEventList &rArr; prvAddCurrentTaskToDelayedList &rArr; vListInsert
</UL>
<BR>[Calls]<UL><LI><a href="#[f5]">&gt;&gt;</a>&nbsp;&nbsp;&nbsp;mqtt_connect_with_results
</UL>
<BR>[Called By]<UL><LI><a href="#[3d]">&gt;&gt;</a>&nbsp;&nbsp;&nbsp;MQTT_Client_Task
<LI><a href="#[11d]">&gt;&gt;</a>&nbsp;&nbsp;&nbsp;mqtt_try_do_reconnect
</UL>

<P><STRONG><a name="[109]"></a>mqtt_keep_alive</STRONG> (Thumb, 140 bytes, Stack size 24 bytes, mqttclient.o(i.mqtt_keep_alive))
<BR><BR>[Stack]<UL><LI>Max Depth = 384<LI>Call Chain = mqtt_keep_alive &rArr; mqtt_send_packet &rArr; network_write &rArr; nettype_tcp_write &rArr; platform_net_socket_write_timeout &rArr; AT_SendCmd &rArr; platform_mutex_lock_timeout &rArr; xQueueSemaphoreTake &rArr; vTaskPlaceOnEventList &rArr; prvAddCurrentTaskToDelayedList &rArr; vListInsert
</UL>
<BR>[Calls]<UL><LI><a href="#[aa]">&gt;&gt;</a>&nbsp;&nbsp;&nbsp;MQTTSerialize_pingreq
<LI><a href="#[b9]">&gt;&gt;</a>&nbsp;&nbsp;&nbsp;__2printf
<LI><a href="#[ee]">&gt;&gt;</a>&nbsp;&nbsp;&nbsp;platform_timer_is_expired
<LI><a href="#[fc]">&gt;&gt;</a>&nbsp;&nbsp;&nbsp;network_release
<LI><a href="#[f4]">&gt;&gt;</a>&nbsp;&nbsp;&nbsp;mqtt_set_client_state
<LI><a href="#[e6]">&gt;&gt;</a>&nbsp;&nbsp;&nbsp;mqtt_send_packet
<LI><a href="#[107]">&gt;&gt;</a>&nbsp;&nbsp;&nbsp;mqtt_is_connected
</UL>
<BR>[Called By]<UL><LI><a href="#[110]">&gt;&gt;</a>&nbsp;&nbsp;&nbsp;mqtt_packet_handle
</UL>

<P><STRONG><a name="[b0]"></a>mqtt_lease</STRONG> (Thumb, 42 bytes, Stack size 16 bytes, mqttclient.o(i.mqtt_lease))
[...]
<LI><a href="#[e6]">&gt;&gt;</a>&nbsp;&nbsp;&nbsp;mqtt_send_packet
<LI><a href="#[107]">&gt;&gt;</a>&nbsp;&nbsp;&nbsp;mqtt_is_connected
<LI><a href="#[ff]">&gt;&gt;</a>&nbsp;&nbsp;&nbsp;mqtt_deliver_message
<LI><a href="#[e9]">&gt;&gt;</a>&nbsp;&nbsp;&nbsp;mqtt_ack_list_record
</UL>
<BR>[Called By]<UL><LI><a href="#[110]">&gt;&gt;</a>&nbsp;&nbsp;&nbsp;mqtt_packet_handle
</UL>

<P><STRONG><a name="[116]"></a>mqtt_pubrec_and_pubrel_packet_handle</STRONG> (Thumb, 90 bytes, Stack size 32 bytes, mqttclient.o(i.mqtt_pubrec_and_pubrel_packet_handle))
<BR><BR>[Stack]<UL><LI>Max Depth = 424<LI>Call Chain = mqtt_pubrec_and_pubrel_packet_handle &rArr; mqtt_publish_ack_packet &rArr; mqtt_send_packet &rArr; network_write &rArr; nettype_tcp_write &rArr; platform_net_socket_write_timeout &rArr; AT_SendCmd &rArr; platform_mutex_lock_timeout &rArr; xQueueSemaphoreTake &rArr; vTaskPlaceOnEventList &rArr; prvAddCurrentTaskToDelayedList &rArr; vListInsert
</UL>
<BR>[Calls]<UL><LI><a href="#[94]">&gt;&gt;</a>&nbsp;&nbsp;&nbsp;MQTTDeserialize_ack
<LI><a href="#[119]">&gt;&gt;</a>&nbsp;&nbsp;&nbsp;mqtt_publish_ack_packet
<LI><a href="#[107]">&gt;&gt;</a>&nbsp;&nbsp;&nbsp;mqtt_is_connected
<LI><a href="#[f1]">&gt;&gt;</a>&nbsp;&nbsp;&nbsp;mqtt_ack_list_unrecord
</UL>
<BR>[Called By]<UL><LI><a href="#[110]">&gt;&gt;</a>&nbsp;&nbsp;&nbsp;mqtt_packet_handle
</UL>

<P><STRONG><a name="[105]"></a>mqtt_read_buf_malloc</STRONG> (Thumb, 108 bytes, Stack size 16 bytes, mqttclient.o(i.mqtt_read_buf_malloc))
<BR><BR>[Stack]<UL><LI>Max Depth = 96<LI>Call Chain = mqtt_read_buf_malloc &rArr; platform_memory_alloc &rArr; pvPortMalloc &rArr; xTaskResumeAll &rArr; xTaskIncrementTick
</UL>
<BR>[Calls]<UL><LI><a href="#[b9]">&gt;&gt;</a>&nbsp;&nbsp;&nbsp;__2printf
<LI><a href="#[e4]">&gt;&gt;</a>&nbsp;&nbsp;&nbsp;platform_memory_free
<LI><a href="#[de]">&gt;&gt;</a>&nbsp;&nbsp;&nbsp;platform_memory_alloc
</UL>
<BR>[Called By]<UL><LI><a href="#[104]">&gt;&gt;</a>&nbsp;&nbsp;&nbsp;mqtt_init
</UL>

<P><STRONG><a name="[111]"></a>mqtt_read_packet</STRONG> (Thumb, 208 bytes, Stack size 40 bytes, mqttclient.o(i.mqtt_read_packet))
<BR><BR>[Stack]<UL><LI>Max Depth = 280<LI>Call Chain = mqtt_read_packet &rArr; mqtt_decode_packet &rArr; network_read &rArr; nettype_tcp_read &rArr; platform_net_socket_recv_timeout &rArr; ATReadData &rArr; platform_mutex_lock_timeout &rArr; xQueueSemaphoreTake &rArr; vTaskPlaceOnEventList &rArr; prvAddCurrentTaskToDelayedList &rArr; vListInsert
</UL>
<BR>[Calls]<UL><LI><a href="#[a2]">&gt;&gt;</a>&nbsp;&nbsp;&nbsp;MQTTPacket_encode
<LI><a href="#[10f]">&gt;&gt;</a>&nbsp;&nbsp;&nbsp;platform_timer_remain
<LI><a href="#[e0]">&gt;&gt;</a>&nbsp;&nbsp;&nbsp;platform_timer_init
<LI><a href="#[e1]">&gt;&gt;</a>&nbsp;&nbsp;&nbsp;platform_timer_cutdown
<LI><a href="#[fe]">&gt;&gt;</a>&nbsp;&nbsp;&nbsp;network_read
<LI><a href="#[10e]">&gt;&gt;</a>&nbsp;&nbsp;&nbsp;mqtt_packet_drain
<LI><a href="#[fd]">&gt;&gt;</a>&nbsp;&nbsp;&nbsp;mqtt_decode_packet
</UL>
<BR>[Called By]<UL><LI><a href="#[110]">&gt;&gt;</a>&nbsp;&nbsp;&nbsp;mqtt_packet_handle
</UL>

<P><STRONG><a name="[e6]"></a>mqtt_send_packet</STRONG> (Thumb, 116 bytes, Stack size 32 bytes, mqttclient.o(i.mqtt_send_packet))
<BR><BR>[Stack]<UL><LI>Max Depth = 360<LI>Call Chain = mqtt_send_packet &rArr; network_write &rArr; nettype_tcp_write &rArr; platform_net_socket_write_timeout &rArr; AT_SendCmd &rArr; platform_mutex_lock_timeout &rArr; xQueueSemaphoreTake &rArr; vTaskPlaceOnEventList &rArr; prvAddCurrentTaskToDelayedList &rArr; vListInsert
</UL>
<BR>[Calls]<UL><LI><a href="#[10f]">&gt;&gt;</a>&nbsp;&nbsp;&nbsp;platform_timer_remain
<LI><a href="#[ee]">&gt;&gt;</a>&nbsp;&nbsp;&nbsp;platform_timer_is_expired
<LI><a href="#[e0]">&gt;&gt;</a>&nbsp;&nbsp;&nbsp;platform_timer_init
<LI><a href="#[e1]">&gt;&gt;</a>&nbsp;&nbsp;&nbsp;platform_timer_cutdown
<LI><a href="#[11a]">&gt;&gt;</a>&nbsp;&nbsp;&nbsp;network_write
</UL>
<BR>[Called By]<UL><LI><a href="#[bb]">&gt;&gt;</a>&nbsp;&nbsp;&nbsp;mqtt_subscribe
<LI><a href="#[bc]">&gt;&gt;</a>&nbsp;&nbsp;&nbsp;mqtt_publish
<LI><a href="#[109]">&gt;&gt;</a>&nbsp;&nbsp;&nbsp;mqtt_keep_alive
<LI><a href="#[115]">&gt;&gt;</a>&nbsp;&nbsp;&nbsp;mqtt_publish_packet_handle
<LI><a href="#[119]">&gt;&gt;</a>&nbsp;&nbsp;&nbsp;mqtt_publish_ack_packet
<LI><a href="#[f5]">&gt;&gt;</a>&nbsp;&nbsp;&nbsp;mqtt_connect_with_results
<LI><a href="#[e5]">&gt;&gt;</a>&nbsp;&nbsp;&nbsp;mqtt_ack_handler_resend
</UL>

<P><STRONG><a name="[f4]"></a>mqtt_set_client_state</STRONG> (Thumb, 28 bytes, Stack size 16 bytes, mqttclient.o(i.mqtt_set_client_state))
<BR><BR>[Stack]<UL><LI>Max Depth = 128<LI>Call Chain = mqtt_set_client_state &rArr; platform_mutex_unlock &rArr; xQueueGenericSend &rArr; vTaskPlaceOnEventList &rArr; prvAddCurrentTaskToDelayedList &rArr; vListInsert
</UL>
<BR>[Calls]<UL><LI><a href="#[5d]">&gt;&gt;</a>&nbsp;&nbsp;&nbsp;platform_mutex_unlock
<LI><a href="#[51]">&gt;&gt;</a>&nbsp;&nbsp;&nbsp;platform_mutex_lock
</UL>
<BR>[Called By]<UL><LI><a href="#[bc]">&gt;&gt;</a>&nbsp;&nbsp;&nbsp;mqtt_publish
<LI><a href="#[109]">&gt;&gt;</a>&nbsp;&nbsp;&nbsp;mqtt_keep_alive
<LI><a href="#[f5]">&gt;&gt;</a>&nbsp;&nbsp;&nbsp;mqtt_connect_with_results
<LI><a href="#[f2]">&gt;&gt;</a>&nbsp;&nbsp;&nbsp;mqtt_clean_session
</UL>

<P><STRONG><a name="[118]"></a>mqtt_set_publish_dup</STRONG> (Thumb, 76 bytes, Stack size 24 bytes, mqttclient.o(i.mqtt_set_publish_dup))
<BR><BR>[Stack]<UL><LI>Max Depth = 24<LI>Call Chain = mqtt_set_publish_dup
</UL>
<BR>[Calls]<UL><LI><a href="#[a1]">&gt;&gt;</a>&nbsp;&nbsp;&nbsp;writeChar
<LI><a href="#[95]">&gt;&gt;</a>&nbsp;&nbsp;&nbsp;readChar
</UL>
<BR>[Called By]<UL><LI><a href="#[bc]">&gt;&gt;</a>&nbsp;&nbsp;&nbsp;mqtt_publish
</UL>

<P><STRONG><a name="[113]"></a>mqtt_suback_packet_handle</STRONG> (Thumb, 148 bytes, Stack size 48 bytes, mqttclient.o(i.mqtt_suback_packet_handle))
<BR><BR>[Stack]<UL><LI>Max Depth = 208<LI>Call Chain = mqtt_suback_packet_handle &rArr; mqtt_ack_list_unrecord &rArr; mqtt_subtract_ack_handler_num &rArr; platform_mutex_unlock &rArr; xQueueGenericSend &rArr; vTaskPlaceOnEventList &rArr; prvAddCurrentTaskToDelayedList &rArr; vListInsert
</UL>
<BR>[Calls]<UL><LI><a href="#[9b]">&gt;&gt;</a>&nbsp;&nbsp;&nbsp;MQTTDeserialize_suback
<LI><a href="#[b9]">&gt;&gt;</a>&nbsp;&nbsp;&nbsp;__2printf
<LI><a href="#[10d]">&gt;&gt;</a>&nbsp;&nbsp;&nbsp;mqtt_msg_handlers_install
<LI><a href="#[ef]">&gt;&gt;</a>&nbsp;&nbsp;&nbsp;mqtt_msg_handler_destory
<LI><a href="#[107]">&gt;&gt;</a>&nbsp;&nbsp;&nbsp;mqtt_is_connected
<LI><a href="#[f1]">&gt;&gt;</a>&nbsp;&nbsp;&nbsp;mqtt_ack_list_unrecord
</UL>
<BR>[Called By]<UL><LI><a href="#[110]">&gt;&gt;</a>&nbsp;&nbsp;&nbsp;mqtt_packet_handle
</UL>

<P><STRONG><a name="[f0]"></a>mqtt_subtract_ack_handler_num</STRONG> (Thumb, 52 bytes, Stack size 16 bytes, mqttclient.o(i.mqtt_subtract_ack_handler_num))
<BR><BR>[Stack]<UL><LI>Max Depth = 128<LI>Call Chain = mqtt_subtract_ack_handler_num &rArr; platform_mutex_unlock &rArr; xQueueGenericSend &rArr; vTaskPlaceOnEventList &rArr; prvAddCurrentTaskToDelayedList &rArr; vListInsert
</UL>
<BR>[Calls]<UL><LI><a href="#[5d]">&gt;&gt;</a>&nbsp;&nbsp;&nbsp;platform_mutex_unlock
<LI><a href="#[51]">&gt;&gt;</a>&nbsp;&nbsp;&nbsp;platform_mutex_lock
</UL>
<BR>[Called By]<UL><LI><a href="#[f1]">&gt;&gt;</a>&nbsp;&nbsp;&nbsp;mqtt_ack_list_unrecord
<LI><a href="#[ec]">&gt;&gt;</a>&nbsp;&nbsp;&nbsp;mqtt_ack_list_scan
</UL>

<P><STRONG><a name="[102]"></a>mqtt_topic_is_matched</STRONG> (Thumb, 118 bytes, Stack size 16 bytes, mqttclient.o(i.mqtt_topic_is_matched))
<BR><BR>[Stack]<UL><LI>Max Depth = 16<LI>Call Chain = mqtt_topic_is_matched
</UL>
<BR>[Called By]<UL><LI><a href="#[100]">&gt;&gt;</a>&nbsp;&nbsp;&nbsp;mqtt_get_msg_handler
</UL>

<P><STRONG><a name="[11d]"></a>mqtt_try_do_reconnect</STRONG> (Thumb, 72 bytes, Stack size 16 bytes, mqttclient.o(i.mqtt_try_do_reconnect))
<BR><BR>[Stack]<UL><LI>Max Depth = 624<LI>Call Chain = mqtt_try_do_reconnect &rArr; mqtt_connect &rArr; mqtt_connect_with_results &rArr; mqtt_wait_packet &rArr; mqtt_packet_handle &rArr; mqtt_publish_packet_handle &rArr; mqtt_send_packet &rArr; network_write &rArr; nettype_tcp_write &rArr; platform_net_socket_write_timeout &rArr; AT_SendCmd &rArr; platform_mutex_lock_timeout &rArr; xQueueSemaphoreTake &rArr; vTaskPlaceOnEventList &rArr; prvAddCurrentTaskToDelayedList &rArr; vListInsert
</UL>
<BR>[Calls]<UL><LI><a href="#[b9]">&gt;&gt;</a>&nbsp;&nbsp;&nbsp;__2printf
<LI><a href="#[b8]">&gt;&gt;</a>&nbsp;&nbsp;&nbsp;mqtt_connect
<LI><a href="#[11e]">&gt;&gt;</a>&nbsp;&nbsp;&nbsp;mqtt_try_resubscribe
<LI><a href="#[ed]">&gt;&gt;</a>&nbsp;&nbsp;&nbsp;mqtt_get_client_state
<LI><a href="#[ec]">&gt;&gt;</a>&nbsp;&nbsp;&nbsp;mqtt_ack_list_scan
</UL>
<BR>[Called By]<UL><LI><a href="#[11f]">&gt;&gt;</a>&nbsp;&nbsp;&nbsp;mqtt_try_reconnect
</UL>

<P><STRONG><a name="[11f]"></a>mqtt_try_reconnect</STRONG> (Thumb, 44 bytes, Stack size 16 bytes, mqttclient.o(i.mqtt_try_reconnect))
<BR><BR>[Stack]<UL><LI>Max Depth = 640<LI>Call Chain = mqtt_try_reconnect &rArr; mqtt_try_do_reconnect &rArr; mqtt_connect &rArr; mqtt_connect_with_results &rArr; mqtt_wait_packet &rArr; mqtt_packet_handle &rArr; mqtt_publish_packet_handle &rArr; mqtt_send_packet &rArr; network_write &rArr; nettype_tcp_write &rArr; platform_net_socket_write_timeout &rArr; AT_SendCmd &rArr; platform_mutex_lock_timeout &rArr; xQueueSemaphoreTake &rArr; vTaskPlaceOnEventList &rArr; prvAddCurrentTaskToDelayedList &rArr; vListInsert
</UL>
<BR>[Calls]<UL><LI><a href="#[11b]">&gt;&gt;</a>&nbsp;&nbsp;&nbsp;mqtt_sleep_ms
<LI><a href="#[11d]">&gt;&gt;</a>&nbsp;&nbsp;&nbsp;mqtt_try_do_reconnect
</UL>
<BR>[Called By]<UL><LI><a href="#[120]">&gt;&gt;</a>&nbsp;&nbsp;&nbsp;mqtt_yield
</UL>

<P><STRONG><a name="[11e]"></a>mqtt_try_resubscribe</STRONG> (Thumb, 108 bytes, Stack size 24 bytes, mqttclient.o(i.mqtt_try_resubscribe))
<BR><BR>[Stack]<UL><LI>Max Depth = 456<LI>Call Chain = mqtt_try_resubscribe &rArr; mqtt_subscribe &rArr; mqtt_send_packet &rArr; network_write &rArr; nettype_tcp_write &rArr; platform_net_socket_write_timeout &rArr; AT_SendCmd &rArr; platform_mutex_lock_timeout &rArr; xQueueSemaphoreTake &rArr; vTaskPlaceOnEventList &rArr; prvAddCurrentTaskToDelayedList &rArr; vListInsert
</UL>
<BR>[Calls]<UL><LI><a href="#[b9]">&gt;&gt;</a>&nbsp;&nbsp;&nbsp;__2printf
<LI><a href="#[e8]">&gt;&gt;</a>&nbsp;&nbsp;&nbsp;mqtt_list_is_empty
<LI><a href="#[bb]">&gt;&gt;</a>&nbsp;&nbsp;&nbsp;mqtt_subscribe
</UL>
<BR>[Called By]<UL><LI><a href="#[11d]">&gt;&gt;</a>&nbsp;&nbsp;&nbsp;mqtt_try_do_reconnect
</UL>

<P><STRONG><a name="[114]"></a>mqtt_unsuback_packet_handle</STRONG> (Thumb, 84 bytes, Stack size 24 bytes, mqttclient.o(i.mqtt_unsuback_packet_handle))
<BR><BR>[Stack]<UL><LI>Max Depth = 184<LI>Call Chain = mqtt_unsuback_packet_handle &rArr; mqtt_ack_list_unrecord &rArr; mqtt_subtract_ack_handler_num &rArr; platform_mutex_unlock &rArr; xQueueGenericSend &rArr; vTaskPlaceOnEventList &rArr; prvAddCurrentTaskToDelayedList &rArr; vListInsert
</UL>
<BR>[Calls]<UL><LI><a href="#[9c]">&gt;&gt;</a>&nbsp;&nbsp;&nbsp;MQTTDeserialize_unsuback
<LI><a href="#[ef]">&gt;&gt;</a>&nbsp;&nbsp;&nbsp;mqtt_msg_handler_destory
<LI><a href="#[107]">&gt;&gt;</a>&nbsp;&nbsp;&nbsp;mqtt_is_connected
<LI><a href="#[f1]">&gt;&gt;</a>&nbsp;&nbsp;&nbsp;mqtt_ack_list_unrecord
</UL>
<BR>[Called By]<UL><LI><a href="#[110]">&gt;&gt;</a>&nbsp;&nbsp;&nbsp;mqtt_packet_handle
</UL>

<P><STRONG><a name="[f8]"></a>mqtt_wait_packet</STRONG> (Thumb, 52 bytes, Stack size 24 bytes, mqttclient.o(i.mqtt_wait_packet))
<BR><BR>[Stack]<UL><LI>Max Depth = 480<LI>Call Chain = mqtt_wait_packet &rArr; mqtt_packet_handle &rArr; mqtt_publish_packet_handle &rArr; mqtt_send_packet &rArr; network_write &rArr; nettype_tcp_write &rArr; platform_net_socket_write_timeout &rArr; AT_SendCmd &rArr; platform_mutex_lock_timeout &rArr; xQueueSemaphoreTake &rArr; vTaskPlaceOnEventList &rArr; prvAddCurrentTaskToDelayedList &rArr; vListInsert
</UL>
<BR>[Calls]<UL><LI><a href="#[ee]">&gt;&gt;</a>&nbsp;&nbsp;&nbsp;platform_timer_is_expired
<LI><a href="#[110]">&gt;&gt;</a>&nbsp;&nbsp;&nbsp;mqtt_packet_handle
</UL>
<BR>[Called By]<UL><LI><a href="#[f5]">&gt;&gt;</a>&nbsp;&nbsp;&nbsp;mqtt_connect_with_results
</UL>

<P><STRONG><a name="[106]"></a>mqtt_write_buf_malloc</STRONG> (Thumb, 108 bytes, Stack size 16 bytes, mqttclient.o(i.mqtt_write_buf_malloc))
<BR><BR>[Stack]<UL><LI>Max Depth = 96<LI>Call Chain = mqtt_write_buf_malloc &rArr; platform_memory_alloc &rArr; pvPortMalloc &rArr; xTaskResumeAll &rArr; xTaskIncrementTick
</UL>
<BR>[Calls]<UL><LI><a href="#[b9]">&gt;&gt;</a>&nbsp;&nbsp;&nbsp;__2printf
<LI><a href="#[e4]">&gt;&gt;</a>&nbsp;&nbsp;&nbsp;platform_memory_free
<LI><a href="#[de]">&gt;&gt;</a>&nbsp;&nbsp;&nbsp;platform_memory_alloc
</UL>
<BR>[Called By]<UL><LI><a href="#[104]">&gt;&gt;</a>&nbsp;&nbsp;&nbsp;mqtt_init
</UL>

<P><STRONG><a name="[120]"></a>mqtt_yield</STRONG> (Thumb, 148 bytes, Stack size 24 bytes, mqttclient.o(i.mqtt_yield))
<BR><BR>[Stack]<UL><LI>Max Depth = 664<LI>Call Chain = mqtt_yield &rArr; mqtt_try_reconnect &rArr; mqtt_try_do_reconnect &rArr; mqtt_connect &rArr; mqtt_connect_with_results &rArr; mqtt_wait_packet &rArr; mqtt_packet_handle &rArr; mqtt_publish_packet_handle &rArr; mqtt_send_packet &rArr; network_write &rArr; nettype_tcp_write &rArr; platform_net_socket_write_timeout &rArr; AT_SendCmd &rArr; platform_mutex_lock_timeout &rArr; xQueueSemaphoreTake &rArr; vTaskPlaceOnEventList &rArr; prvAddCurrentTaskToDelayedList &rArr; vListInsert
</UL>
<BR>[Calls]<UL><LI><a href="#[b9]">&gt;&gt;</a>&nbsp;&nbsp;&nbsp;__2printf
<LI><a href="#[ee]">&gt;&gt;</a>&nbsp;&nbsp;&nbsp;platform_timer_is_expired
<LI><a href="#[e0]">&gt;&gt;</a>&nbsp;&nbsp;&nbsp;platform_timer_init
<LI><a href="#[e1]">&gt;&gt;</a>&nbsp;&nbsp;&nbsp;platform_timer_cutdown
<LI><a href="#[11f]">&gt;&gt;</a>&nbsp;&nbsp;&nbsp;mqtt_try_reconnect
<LI><a href="#[110]">&gt;&gt;</a>&nbsp;&nbsp;&nbsp;mqtt_packet_handle
<LI><a href="#[ed]">&gt;&gt;</a>&nbsp;&nbsp;&nbsp;mqtt_get_client_state
<LI><a href="#[ec]">&gt;&gt;</a>&nbsp;&nbsp;&nbsp;mqtt_ack_list_scan
</UL>
<BR>[Called By]<UL><LI><a href="#[40]">&gt;&gt;</a>&nbsp;&nbsp;&nbsp;mqtt_yield_thread
</UL>

<P><STRONG><a name="[40]"></a>mqtt_yield_thread</STRONG> (Thumb, 152 bytes, Stack size 24 bytes, mqttclient.o(i.mqtt_yield_thread))
<BR><BR>[Stack]<UL><LI>Max Depth = 688<LI>Call Chain = mqtt_yield_thread &rArr; mqtt_yield &rArr; mqtt_try_reconnect &rArr; mqtt_try_do_reconnect &rArr; mqtt_connect &rArr; mqtt_connect_with_results &rArr; mqtt_wait_packet &rArr; mqtt_packet_handle &rArr; mqtt_publish_packet_handle &rArr; mqtt_send_packet &rArr; network_write &rArr; nettype_tcp_write &rArr; platform_net_socket_write_timeout &rArr; AT_SendCmd &rArr; platform_mutex_lock_timeout &rArr; xQueueSemaphoreTake &rArr; vTaskPlaceOnEventList &rArr; prvAddCurrentTaskToDelayedList &rArr; vListInsert
</UL>
<BR>[Calls]<UL><LI><a href="#[b9]">&gt;&gt;</a>&nbsp;&nbsp;&nbsp;__2printf
<LI><a href="#[121]">&gt;&gt;</a>&nbsp;&nbsp;&nbsp;platform_thread_stop
<LI><a href="#[123]">&gt;&gt;</a>&nbsp;&nbsp;&nbsp;platform_thread_destroy
<LI><a href="#[e4]">&gt;&gt;</a>&nbsp;&nbsp;&nbsp;platform_memory_free
<LI><a href="#[122]">&gt;&gt;</a>&nbsp;&nbsp;&nbsp;network_disconnect
<LI><a href="#[120]">&gt;&gt;</a>&nbsp;&nbsp;&nbsp;mqtt_yield
<LI><a href="#[ed]">&gt;&gt;</a>&nbsp;&nbsp;&nbsp;mqtt_get_client_state
<LI><a href="#[f2]">&gt;&gt;</a>&nbsp;&nbsp;&nbsp;mqtt_clean_session
</UL>
<BR>[Address Reference Count : 1]<UL><LI> mqttclient.o(i.mqtt_connect_with_results)
</UL>
<P><STRONG><a name="[10a]"></a>_mqtt_list_add</STRONG> (Thumb, 10 bytes, Stack size 0 bytes, mqtt_list.o(i._mqtt_list_add))
<BR><BR>[Called By]<UL><LI><a href="#[eb]">&gt;&gt;</a>&nbsp;&nbsp;&nbsp;mqtt_list_add_tail
</UL>

<P><STRONG><a name="[d4]"></a>_mqtt_list_del</STRONG> (Thumb, 6 bytes, Stack size 0 bytes, mqtt_list.o(i._mqtt_list_del))
<BR><BR>[Called By]<UL><LI><a href="#[d3]">&gt;&gt;</a>&nbsp;&nbsp;&nbsp;_mqtt_list_del_entry
<LI><a href="#[e3]">&gt;&gt;</a>&nbsp;&nbsp;&nbsp;mqtt_list_del
</UL>

<P><STRONG><a name="[d3]"></a>_mqtt_list_del_entry</STRONG> (Thumb, 14 bytes, Stack size 8 bytes, mqtt_list.o(i._mqtt_list_del_entry))
<BR><BR>[Stack]<UL><LI>Max Depth = 8<LI>Call Chain = _mqtt_list_del_entry
</UL>
<BR>[Calls]<UL><LI><a href="#[d4]">&gt;&gt;</a>&nbsp;&nbsp;&nbsp;_mqtt_list_del
</UL>
<BR>[Called By]<UL><LI><a href="#[f3]">&gt;&gt;</a>&nbsp;&nbsp;&nbsp;mqtt_list_del_init
</UL>

<P><STRONG><a name="[d7]"></a>do_random</STRONG> (Thumb, 16 bytes, Stack size 8 bytes, random.o(i.do_random))
<BR><BR>[Stack]<UL><LI>Max Depth = 8<LI>Call Chain = do_random
</UL>
<BR>[Calls]<UL><LI><a href="#[d8]">&gt;&gt;</a>&nbsp;&nbsp;&nbsp;srand
<LI><a href="#[d9]">&gt;&gt;</a>&nbsp;&nbsp;&nbsp;rand
</UL>
<BR>[Called By]<UL><LI><a href="#[b3]">&gt;&gt;</a>&nbsp;&nbsp;&nbsp;random_string
<LI><a href="#[166]">&gt;&gt;</a>&nbsp;&nbsp;&nbsp;random_number
</UL>

<P><STRONG><a name="[13a]"></a>platform_uptime_ms</STRONG> (Thumb, 8 bytes, Stack size 8 bytes, platform_timer.o(i.platform_uptime_ms))
<BR><BR>[Stack]<UL><LI>Max Depth = 8<LI>Call Chain = platform_uptime_ms
</UL>
<BR>[Calls]<UL><LI><a href="#[13c]">&gt;&gt;</a>&nbsp;&nbsp;&nbsp;xTaskGetTickCount
</UL>
<BR>[Called By]<UL><LI><a href="#[13b]">&gt;&gt;</a>&nbsp;&nbsp;&nbsp;platform_timer_now
<LI><a href="#[10f]">&gt;&gt;</a>&nbsp;&nbsp;&nbsp;platform_timer_remain
<LI><a href="#[ee]">&gt;&gt;</a>&nbsp;&nbsp;&nbsp;platform_timer_is_expired
<LI><a href="#[e1]">&gt;&gt;</a>&nbsp;&nbsp;&nbsp;platform_timer_cutdown
</UL>

<P><STRONG><a name="[5f]"></a>ProcessSpecialATString</STRONG> (Thumb, 86 bytes, Stack size 16 bytes, atcommand.o(i.ProcessSpecialATString))
<BR><BR>[Stack]<UL><LI>Max Depth = 152<LI>Call Chain = ProcessSpecialATString &rArr; HAL_AT_Receive &rArr; USART3_Read &rArr; platform_mutex_lock_timeout &rArr; xQueueSemaphoreTake &rArr; vTaskPlaceOnEventList &rArr; prvAddCurrentTaskToDelayedList &rArr; vListInsert
</UL>
<BR>[Calls]<UL><LI><a href="#[c7]">&gt;&gt;</a>&nbsp;&nbsp;&nbsp;ring_buffer_write
<LI><a href="#[59]">&gt;&gt;</a>&nbsp;&nbsp;&nbsp;HAL_AT_Receive
<LI><a href="#[5d]">&gt;&gt;</a>&nbsp;&nbsp;&nbsp;platform_mutex_unlock
</UL>
<BR>[Called By]<UL><LI><a href="#[3c]">&gt;&gt;</a>&nbsp;&nbsp;&nbsp;AT_RecvParse
</UL>

<P><STRONG><a name="[3a]"></a>topic1_handler</STRONG> (Thumb, 58 bytes, Stack size 24 bytes, atcommand.o(i.topic1_handler))
<BR><BR>[Stack]<UL><LI>Max Depth = 48<LI>Call Chain = topic1_handler &rArr; __2printf
</UL>
<BR>[Calls]<UL><LI><a href="#[b9]">&gt;&gt;</a>&nbsp;&nbsp;&nbsp;__2printf
</UL>
<BR>[Address Reference Count : 1]<UL><LI> atcommand.o(i.MQTT_Client_Task)
</UL>
<P><STRONG><a name="[d1]"></a>_printf_core</STRONG> (Thumb, 996 bytes, Stack size 104 bytes, printf8.o(i._printf_core), UNUSED)
<BR><BR>[Calls]<UL><LI><a href="#[d5]">&gt;&gt;</a>&nbsp;&nbsp;&nbsp;_printf_pre_padding
<LI><a href="#[d6]">&gt;&gt;</a>&nbsp;&nbsp;&nbsp;_printf_post_padding
<LI><a href="#[4b]">&gt;&gt;</a>&nbsp;&nbsp;&nbsp;__aeabi_uldivmod
</UL>
<BR>[Called By]<UL><LI><a href="#[d2]">&gt;&gt;</a>&nbsp;&nbsp;&nbsp;__0sprintf$8
<LI><a href="#[d0]">&gt;&gt;</a>&nbsp;&nbsp;&nbsp;__0printf$8
</UL>

<P><STRONG><a name="[d6]"></a>_printf_post_padding</STRONG> (Thumb, 36 bytes, Stack size 24 bytes, printf8.o(i._printf_post_padding), UNUSED)
<BR><BR>[Called By]<UL><LI><a href="#[d1]">&gt;&gt;</a>&nbsp;&nbsp;&nbsp;_printf_core
</UL>

<P><STRONG><a name="[d5]"></a>_printf_pre_padding</STRONG> (Thumb, 46 bytes, Stack size 24 bytes, printf8.o(i._printf_pre_padding), UNUSED)
<BR><BR>[Called By]<UL><LI><a href="#[d1]">&gt;&gt;</a>&nbsp;&nbsp;&nbsp;_printf_core
</UL>

<P><STRONG><a name="[3f]"></a>_sputc</STRONG> (Thumb, 10 bytes, Stack size 0 bytes, printf8.o(i._sputc))
<BR><BR>[Called By]<UL><LI><a href="#[d2]">&gt;&gt;</a>&nbsp;&nbsp;&nbsp;__0sprintf$8
</UL>
<BR>[Address Reference Count : 1]<UL><LI> printf8.o(i.__0sprintf$8)
</UL><P>
<H3>
Undefined Global Symbols
</H3><HR></body></html>
